 SciLexer

 Timestamp is 4a76e65a (Mon Aug 03 21:30:02 2009)

 Preferred load address is 10000000

 Start         Length     Name                   Class
 0001:00000000 0005d0eeH .text                   CODE
 0001:0005d0ee 00001590H .text$x                 CODE
 0001:0005e67e 0000109cH .text$yc                CODE
 0001:0005f71a 00000428H .text$yd                CODE
 0002:00000000 00000338H .idata$5                DATA
 0002:00000338 00000004H .CRT$XCA                DATA
 0002:0000033c 0000017cH .CRT$XCU                DATA
 0002:000004b8 00000004H .CRT$XCZ                DATA
 0002:000004bc 00000004H .CRT$XIA                DATA
 0002:000004c0 00000018H .CRT$XIC                DATA
 0002:000004d8 00000004H .CRT$XIZ                DATA
 0002:000004dc 00000004H .CRT$XPA                DATA
 0002:000004e0 00000004H .CRT$XPX                DATA
 0002:000004e4 00000004H .CRT$XPXA               DATA
 0002:000004e8 00000004H .CRT$XPZ                DATA
 0002:000004ec 00000004H .CRT$XTA                DATA
 0002:000004f0 00000004H .CRT$XTZ                DATA
 0002:000004f8 00005568H .rdata                  DATA
 0002:00005a60 00000a40H .rdata$r                DATA
 0002:000064a0 000001e4H .rdata$sxdata           DATA
 0002:00006684 00000004H .rtc$IAA                DATA
 0002:00006688 00000004H .rtc$IZZ                DATA
 0002:0000668c 00000004H .rtc$TAA                DATA
 0002:00006690 00000004H .rtc$TZZ                DATA
 0002:00006698 00001f84H .xdata$x                DATA
 0002:0000861c 00000064H .idata$2                DATA
 0002:00008680 00000014H .idata$3                DATA
 0002:00008694 00000338H .idata$4                DATA
 0002:000089cc 00000db2H .idata$6                DATA
 0002:00009780 0000005cH .edata                  DATA
 0003:00000000 00002100H .data                   DATA
 0003:00002100 00002a00H .bss                    DATA
 0004:00000000 000000e8H .rsrc$01                DATA
 0004:000000f0 00000488H .rsrc$02                DATA

  Address         Publics by Value              Rva+Base       Lib:Object

 0000:00000000       __except_list              00000000     <absolute>
 0000:00000079       ___safe_se_handler_count   00000079     <absolute>
 0000:00000000       ___ImageBase               10000000     <linker-defined>
 0001:00000000       ??0AutoComplete@@QAE@XZ    10001000 f   AutoComplete.obj
 0001:00000061       ??1AutoComplete@@QAE@XZ    10001061 f   AutoComplete.obj
 0001:0000008c       ?Active@AutoComplete@@QAE_NXZ 1000108c f   AutoComplete.obj
 0001:0000008f       ?SetStopChars@AutoComplete@@QAEXPBD@Z 1000108f f   AutoComplete.obj
 0001:000000b2       ?IsStopChar@AutoComplete@@QAE_ND@Z 100010b2 f   AutoComplete.obj
 0001:000000d6       ?SetFillUpChars@AutoComplete@@QAEXPBD@Z 100010d6 f   AutoComplete.obj
 0001:000000fc       ?IsFillUpChar@AutoComplete@@QAE_ND@Z 100010fc f   AutoComplete.obj
 0001:00000125       ?SetSeparator@AutoComplete@@QAEXD@Z 10001125 f   AutoComplete.obj
 0001:00000132       ?GetSeparator@AutoComplete@@QAEDXZ 10001132 f   AutoComplete.obj
 0001:00000139       ?SetTypesep@AutoComplete@@QAEXD@Z 10001139 f   AutoComplete.obj
 0001:00000146       ?GetTypesep@AutoComplete@@QAEDXZ 10001146 f   AutoComplete.obj
 0001:0000014d       ?SetList@AutoComplete@@QAEXPBD@Z 1000114d f   AutoComplete.obj
 0001:00000173       ?Show@AutoComplete@@QAEX_N@Z 10001173 f   AutoComplete.obj
 0001:00000199       ?Cancel@AutoComplete@@QAEXXZ 10001199 f   AutoComplete.obj
 0001:000001bd       ?Move@AutoComplete@@QAEXH@Z 100011bd f   AutoComplete.obj
 0001:000001fb       ?Select@AutoComplete@@QAEXPBD@Z 100011fb f   AutoComplete.obj
 0001:000003a2       ?Start@AutoComplete@@QAEXAAVWindow@@HHVPoint@@HH_N@Z 100013a2 f   AutoComplete.obj
 0001:000003f4       ?Contains@PRectangle@@QAE_NVPoint@@@Z 100013f4 f i CallTip.obj
 0001:00000419       ??_EWindow@@UAEPAXI@Z      10001419 f i CallTip.obj
 0001:00000419       ??_GWindow@@UAEPAXI@Z      10001419 f i CallTip.obj
 0001:00000435       ??1CallTip@@QAE@XZ         10001435 f   CallTip.obj
 0001:00000496       ?RefreshColourPalette@CallTip@@QAEXAAVPalette@@_N@Z 10001496 f   CallTip.obj
 0001:000004fb       ?IsTabCharacter@CallTip@@AAE_ND@Z 100014fb f   CallTip.obj
 0001:0000050d       ?NextTabPos@CallTip@@AAEHH@Z 1000150d f   CallTip.obj
 0001:0000052d       ?DrawChunk@CallTip@@AAEXPAVSurface@@AAHPBDHHHVPRectangle@@_N4@Z 1000152d f   CallTip.obj
 0001:0000076e       ?PaintContents@CallTip@@AAEHPAVSurface@@_N@Z 1000176e f   CallTip.obj
 0001:00000901       ?PaintCT@CallTip@@QAEXPAVSurface@@@Z 10001901 f   CallTip.obj
 0001:000009d1       ?MouseClick@CallTip@@QAEXVPoint@@@Z 100019d1 f   CallTip.obj
 0001:00000a1b       ?CallTipStart@CallTip@@QAE?AVPRectangle@@HVPoint@@PBD1HHHAAVWindow@@@Z 10001a1b f   CallTip.obj
 0001:00000bbd       ?CallTipCancel@CallTip@@QAEXXZ 10001bbd f   CallTip.obj
 0001:00000bd0       ?SetHighlight@CallTip@@QAEXHH@Z 10001bd0 f   CallTip.obj
 0001:00000bf7       ?SetTabSize@CallTip@@QAEXH@Z 10001bf7 f   CallTip.obj
 0001:00000c05       ?SetForeBack@CallTip@@QAEXABUColourPair@@0@Z 10001c05 f   CallTip.obj
 0001:00000c26       ??0CallTip@@QAE@XZ         10001c26 f   CallTip.obj
 0001:00000cf3       ?RangeAddDelta@SplitVectorWithRangeAdd@@QAEXHHH@Z 10001cf3 f i CellBuffer.obj
 0001:00000d49       ?BackStep@Partitioning@@AAEXH@Z 10001d49 f i CellBuffer.obj
 0001:00000d72       ?SetPerLine@LineVector@@QAEXPAVPerLine@@@Z 10001d72 f   CellBuffer.obj
 0001:00000d7c       ??0Action@@QAE@XZ          10001d7c f   CellBuffer.obj
 0001:00000d90       ?Create@Action@@QAEXW4actionType@@HPADH_N@Z 10001d90 f   CellBuffer.obj
 0001:00000dc1       ?Destroy@Action@@QAEXXZ    10001dc1 f   CellBuffer.obj
 0001:00000dd3       ?Grab@Action@@QAEXPAV1@@Z  10001dd3 f   CellBuffer.obj
 0001:00000e18       ?DropUndoSequence@UndoHistory@@QAEXXZ 10001e18 f   CellBuffer.obj
 0001:00000e1d       ?DeleteUndoHistory@UndoHistory@@QAEXXZ 10001e1d f   CellBuffer.obj
 0001:00000e5c       ?SetSavePoint@UndoHistory@@QAEXXZ 10001e5c f   CellBuffer.obj
 0001:00000e63       ?IsSavePoint@UndoHistory@@QBE_NXZ 10001e63 f   CellBuffer.obj
 0001:00000e6f       ?CanUndo@UndoHistory@@QBE_NXZ 10001e6f f   CellBuffer.obj
 0001:00000e7d       ?StartUndo@UndoHistory@@QAEHXZ 10001e7d f   CellBuffer.obj
 0001:00000eb8       ?GetUndoStep@UndoHistory@@QBEABVAction@@XZ 10001eb8 f   CellBuffer.obj
 0001:00000eb8       ?GetRedoStep@UndoHistory@@QBEABVAction@@XZ 10001eb8 f   CellBuffer.obj
 0001:00000ec1       ?CompletedUndoStep@UndoHistory@@QAEXXZ 10001ec1 f   CellBuffer.obj
 0001:00000ec5       ?CanRedo@UndoHistory@@QBE_NXZ 10001ec5 f   CellBuffer.obj
 0001:00000ed3       ?StartRedo@UndoHistory@@QAEHXZ 10001ed3 f   CellBuffer.obj
 0001:00000f18       ?CompletedRedoStep@UndoHistory@@QAEXXZ 10001f18 f   CellBuffer.obj
 0001:00000f1c       ?SetPerLine@CellBuffer@@QAEXPAVPerLine@@@Z 10001f1c f   CellBuffer.obj
 0001:00000f24       ?IsReadOnly@CellBuffer@@QAE_NXZ 10001f24 f   CellBuffer.obj
 0001:00000f28       ?SetReadOnly@CellBuffer@@QAEX_N@Z 10001f28 f   CellBuffer.obj
 0001:00000f32       ?SetSavePoint@CellBuffer@@QAEXXZ 10001f32 f   CellBuffer.obj
 0001:00000f3a       ?IsSavePoint@CellBuffer@@QAE_NXZ 10001f3a f   CellBuffer.obj
 0001:00000f42       ?SetUndoCollection@CellBuffer@@QAE_N_N@Z 10001f42 f   CellBuffer.obj
 0001:00000f59       ?IsCollectingUndo@CellBuffer@@QAE_NXZ 10001f59 f   CellBuffer.obj
 0001:00000f5d       ?DeleteUndoHistory@CellBuffer@@QAEXXZ 10001f5d f   CellBuffer.obj
 0001:00000f65       ?CanUndo@CellBuffer@@QAE_NXZ 10001f65 f   CellBuffer.obj
 0001:00000f6d       ?StartUndo@CellBuffer@@QAEHXZ 10001f6d f   CellBuffer.obj
 0001:00000f75       ?CanRedo@CellBuffer@@QAE_NXZ 10001f75 f   CellBuffer.obj
 0001:00000f7d       ?StartRedo@CellBuffer@@QAEHXZ 10001f7d f   CellBuffer.obj
 0001:00000f85       ?GetRedoStep@CellBuffer@@QBEABVAction@@XZ 10001f85 f   CellBuffer.obj
 0001:00000f85       ?GetUndoStep@CellBuffer@@QBEABVAction@@XZ 10001f85 f   CellBuffer.obj
 0001:00000f8d       ?ValueAt@?$SplitVector@H@@QBEHH@Z 10001f8d f i CellBuffer.obj
 0001:00000fb7       ?SetValueAt@?$SplitVector@H@@QAEXHH@Z 10001fb7 f i CellBuffer.obj
 0001:00000fe5       ?ValueAt@?$SplitVector@D@@QBEDH@Z 10001fe5 f i CellBuffer.obj
 0001:0000100d       ?SetValueAt@?$SplitVector@D@@QAEXHD@Z 1000200d f i CellBuffer.obj
 0001:00001039       ?GapTo@?$SplitVector@H@@IAEXH@Z 10002039 f i CellBuffer.obj
 0001:00001039       ?GapTo@?$SplitVector@PAVMarkerHandleSet@@@@IAEXH@Z 10002039 f i PerLine.obj
 0001:00001039       ?GapTo@?$SplitVector@PAD@@IAEXH@Z 10002039 f i PerLine.obj
 0001:00001082       ?GapTo@?$SplitVector@D@@IAEXH@Z 10002082 f i CellBuffer.obj
 0001:000010c6       ?ApplyStep@Partitioning@@AAEXH@Z 100020c6 f i CellBuffer.obj
 0001:000010fe       ?SetPartitionStartPosition@Partitioning@@QAEXHH@Z 100020fe f i CellBuffer.obj
 0001:0000112a       ?InsertText@Partitioning@@QAEXHH@Z 1000212a f i CellBuffer.obj
 0001:0000118f       ?PositionFromPartition@Partitioning@@QBEHH@Z 1000218f f i CellBuffer.obj
 0001:000011b9       ?PartitionFromPosition@Partitioning@@QBEHH@Z 100021b9 f i CellBuffer.obj
 0001:00001222       ?InsertText@LineVector@@QAEXHH@Z 10002222 f   CellBuffer.obj
 0001:00001227       ?SetLineStart@LineVector@@QAEXHH@Z 10002227 f   CellBuffer.obj
 0001:0000122c       ?LineFromPosition@LineVector@@QBEHH@Z 1000222c f   CellBuffer.obj
 0001:00001231       ??1Action@@QAE@XZ          10002231 f   CellBuffer.obj
 0001:00001236       ??0UndoHistory@@QAE@XZ     10002236 f   CellBuffer.obj
 0001:000012bf       ??_EAction@@QAEPAXI@Z      100022bf f i CellBuffer.obj
 0001:00001308       ??1UndoHistory@@QAE@XZ     10002308 f   CellBuffer.obj
 0001:0000131d       ?EnsureUndoRoom@UndoHistory@@AAEXXZ 1000231d f   CellBuffer.obj
 0001:000013d8       ?AppendAction@UndoHistory@@QAEXW4actionType@@HPADHAA_N_N@Z 100023d8 f   CellBuffer.obj
 0001:000014f1       ?BeginUndoAction@UndoHistory@@QAEXXZ 100024f1 f   CellBuffer.obj
 0001:0000153d       ?EndUndoAction@UndoHistory@@QAEXXZ 1000253d f   CellBuffer.obj
 0001:00001586       ?CharAt@CellBuffer@@QBEDH@Z 10002586 f   CellBuffer.obj
 0001:0000158b       ?GetCharRange@CellBuffer@@QAEXPADHH@Z 1000258b f   CellBuffer.obj
 0001:000015e5       ?StyleAt@CellBuffer@@QAEDH@Z 100025e5 f   CellBuffer.obj
 0001:000015ed       ?SetStyleAt@CellBuffer@@QAE_NHDD@Z 100025ed f   CellBuffer.obj
 0001:0000162c       ?SetStyleFor@CellBuffer@@QAE_NHHDD@Z 1000262c f   CellBuffer.obj
 0001:0000167c       ?MainHWND@ScintillaWin@@AAEPAUHWND__@@XZ 1000267c f   ScintillaWin.obj
 0001:0000167c       ?Length@CellBuffer@@QBEHXZ 1000267c f   CellBuffer.obj
 0001:00001680       ?Lines@CellBuffer@@QBEHXZ  10002680 f   CellBuffer.obj
 0001:00001688       ?LineStart@CellBuffer@@QBEHH@Z 10002688 f   CellBuffer.obj
 0001:000016b0       ?BeginUndoAction@CellBuffer@@QAEXXZ 100026b0 f   CellBuffer.obj
 0001:000016b8       ?EndUndoAction@CellBuffer@@QAEXXZ 100026b8 f   CellBuffer.obj
 0001:000016c0       ?AddUndoAction@CellBuffer@@QAEXH_N@Z 100026c0 f   CellBuffer.obj
 0001:000016df       ?ReAllocate@?$SplitVector@D@@QAEXH@Z 100026df f i CellBuffer.obj
 0001:00001731       ?DeleteRange@?$SplitVector@D@@QAEXHH@Z 10002731 f i CellBuffer.obj
 0001:0000178d       ?RoomFor@?$SplitVector@D@@IAEXH@Z 1000278d f i CellBuffer.obj
 0001:000017bf       ??0SplitVectorWithRangeAdd@@QAE@H@Z 100027bf f i CellBuffer.obj
 0001:000017f9       ??1Partitioning@@QAE@XZ    100027f9 f i CellBuffer.obj
 0001:00001810       ?RemovePartition@Partitioning@@QAEXH@Z 10002810 f i CellBuffer.obj
 0001:00001839       ?RemoveLine@LineVector@@QAEXH@Z 10002839 f   CellBuffer.obj
 0001:00001858       ?Allocate@CellBuffer@@QAEXH@Z 10002858 f   CellBuffer.obj
 0001:00001874       ?RemoveLine@CellBuffer@@QAEXH@Z 10002874 f   CellBuffer.obj
 0001:0000187c       ?InsertValue@?$SplitVector@D@@QAEXHHD@Z 1000287c f i CellBuffer.obj
 0001:000018ca       ?InsertFromArray@?$SplitVector@D@@QAEXHQBDHH@Z 100028ca f i CellBuffer.obj
 0001:0000191b       ?BufferPointer@?$SplitVector@D@@QAEPADXZ 1000291b f i CellBuffer.obj
 0001:0000193c       ?Allocate@Partitioning@@AAEXH@Z 1000293c f i CellBuffer.obj
 0001:00001994       ?InsertPartition@Partitioning@@QAEXHH@Z 10002994 f i CellBuffer.obj
 0001:000019ba       ?DeleteAll@Partitioning@@QAEXXZ 100029ba f i CellBuffer.obj
 0001:000019da       ??1LineVector@@QAE@XZ      100029da f   CellBuffer.obj
 0001:00001a04       ?Init@LineVector@@QAEXXZ   10002a04 f   CellBuffer.obj
 0001:00001a1d       ?InsertLine@LineVector@@QAEXHH@Z 10002a1d f   CellBuffer.obj
 0001:00001a43       ??1CellBuffer@@QAE@XZ      10002a43 f   CellBuffer.obj
 0001:00001a95       ?BufferPointer@CellBuffer@@QAEPBDXZ 10002a95 f   CellBuffer.obj
 0001:00001a9a       ?InsertLine@CellBuffer@@QAEXHH@Z 10002a9a f   CellBuffer.obj
 0001:00001aa2       ?BasicInsertString@CellBuffer@@QAEXHPBDH@Z 10002aa2 f   CellBuffer.obj
 0001:00001b97       ?BasicDeleteChars@CellBuffer@@QAEXHH@Z 10002b97 f   CellBuffer.obj
 0001:00001cbb       ?PerformUndoStep@CellBuffer@@QAEXXZ 10002cbb f   CellBuffer.obj
 0001:00001cfa       ?PerformRedoStep@CellBuffer@@QAEXXZ 10002cfa f   CellBuffer.obj
 0001:00001d39       ??0LineVector@@QAE@XZ      10002d39 f   CellBuffer.obj
 0001:00001d6b       ??0CellBuffer@@QAE@XZ      10002d6b f   CellBuffer.obj
 0001:00001dce       ?InsertString@CellBuffer@@QAEPBDHPBDHAA_N@Z 10002dce f   CellBuffer.obj
 0001:00001e30       ?DeleteChars@CellBuffer@@QAEPBDHHAA_N@Z 10002e30 f   CellBuffer.obj
 0001:00001ea9       ?SetDefaultCharClasses@CharClassify@@QAEX_N@Z 10002ea9 f   CharClassify.obj
 0001:00001f03       ?SetCharClasses@CharClassify@@QAEXPBEW4cc@1@@Z 10002f03 f   CharClassify.obj
 0001:00001f27       ??0CharClassify@@QAE@XZ    10002f27 f   CharClassify.obj
 0001:00001f35       ??0ContractionState@@QAE@XZ 10002f35 f   ContractionState.obj
 0001:00001f53       ?GetVisible@ContractionState@@QBE_NH@Z 10002f53 f   ContractionState.obj
 0001:00001f82       ?GetHeight@ContractionState@@QBEHH@Z 10002f82 f   ContractionState.obj
 0001:00001f96       ?LinesInDoc@ContractionState@@QBEHXZ 10002f96 f   ContractionState.obj
 0001:00001fac       ?LinesDisplayed@ContractionState@@QBEHXZ 10002fac f   ContractionState.obj
 0001:00001fc5       ?DisplayFromDoc@ContractionState@@QBEHH@Z 10002fc5 f   ContractionState.obj
 0001:00001feb       ?DocFromDisplay@ContractionState@@QBEHH@Z 10002feb f   ContractionState.obj
 0001:0000202a       ?GetExpanded@ContractionState@@QBE_NH@Z 1000302a f   ContractionState.obj
 0001:00002049       ?DeleteLine@ContractionState@@QAEXH@Z 10003049 f   ContractionState.obj
 0001:000020aa       ?DeleteLines@ContractionState@@QAEXHH@Z 100030aa f   ContractionState.obj
 0001:000020c9       ?Clear@ContractionState@@QAEXXZ 100030c9 f   ContractionState.obj
 0001:0000213b       ?InsertLine@ContractionState@@QAEXH@Z 1000313b f   ContractionState.obj
 0001:000021ae       ?InsertLines@ContractionState@@QAEXHH@Z 100031ae f   ContractionState.obj
 0001:000021d4       ?ShowAll@ContractionState@@QAEXXZ 100031d4 f   ContractionState.obj
 0001:000021ea       ??1ContractionState@@UAE@XZ 100031ea f   ContractionState.obj
 0001:000021f5       ?EnsureData@ContractionState@@AAEXXZ 100031f5 f   ContractionState.obj
 0001:000022c2       ?SetVisible@ContractionState@@QAE_NHH_N@Z 100032c2 f   ContractionState.obj
 0001:00002354       ?SetExpanded@ContractionState@@QAE_NH_N@Z 10003354 f   ContractionState.obj
 0001:000023a3       ?SetHeight@ContractionState@@QAE_NHH@Z 100033a3 f   ContractionState.obj
 0001:00002408       ??_GContractionState@@UAEPAXI@Z 10003408 f i ContractionState.obj
 0001:00002408       ??_EContractionState@@UAEPAXI@Z 10003408 f i ContractionState.obj
 0001:00002424       ??0Decoration@@QAE@H@Z     10003424 f   Decoration.obj
 0001:0000243f       ??1Decoration@@QAE@XZ      1000343f f   Decoration.obj
 0001:00002447       ??0DecorationList@@QAE@XZ  10003447 f   Decoration.obj
 0001:00002461       ?DecorationFromIndicator@DecorationList@@AAEPAVDecoration@@H@Z 10003461 f   Decoration.obj
 0001:00002478       ?Create@DecorationList@@AAEPAVDecoration@@HH@Z 10003478 f   Decoration.obj
 0001:000024eb       ?Delete@DecorationList@@AAEXH@Z 100034eb f   Decoration.obj
 0001:00002547       ?SetCurrentIndicator@DecorationList@@QAEXH@Z 10003547 f   Decoration.obj
 0001:00002562       ?SetCurrentValue@DecorationList@@QAEXH@Z 10003562 f   Decoration.obj
 0001:00002571       ?InsertSpace@DecorationList@@QAEXHH@Z 10003571 f   Decoration.obj
 0001:00002597       ?AllOnFor@DecorationList@@QAEHH@Z 10003597 f   Decoration.obj
 0001:000025c7       ?ValueAt@DecorationList@@QAEHHH@Z 100035c7 f   Decoration.obj
 0001:000025e7       ?Start@DecorationList@@QAEHHH@Z 100035e7 f   Decoration.obj
 0001:00002607       ?End@DecorationList@@QAEHHH@Z 10003607 f   Decoration.obj
 0001:00002627       ?Empty@Decoration@@QAE_NXZ 10003627 f   Decoration.obj
 0001:00002638       ??1DecorationList@@QAE@XZ  10003638 f   Decoration.obj
 0001:00002666       ?FillRange@DecorationList@@QAE_NAAHH0@Z 10003666 f   Decoration.obj
 0001:000026c2       ?DeleteAnyEmpty@DecorationList@@AAEXXZ 100036c2 f   Decoration.obj
 0001:000026e7       ?DeleteRange@DecorationList@@QAEXHH@Z 100036e7 f   Decoration.obj
 0001:00002718       ??1PerLine@@UAE@XZ         10003718 f i Document.obj
 0001:0000271f       ??_GPerLine@@UAEPAXI@Z     1000371f f i Document.obj
 0001:0000271f       ??_EPerLine@@UAEPAXI@Z     1000371f f i Document.obj
 0001:0000273c       ??1RegexSearchBase@@UAE@XZ 1000373c f i Document.obj
 0001:00002743       ??_ERegexSearchBase@@UAEPAXI@Z 10003743 f i Document.obj
 0001:00002743       ??_GRegexSearchBase@@UAEPAXI@Z 10003743 f i Document.obj
 0001:00002760       ??0DocModification@@QAE@HHHHPBDH@Z 10003760 f i Document.obj
 0001:0000279a       ??0DocModification@@QAE@HABVAction@@H@Z 1000379a f i Document.obj
 0001:0000284b       ??1Document@@UAE@XZ        1000384b f   Document.obj
 0001:00002907       ?Init@Document@@UAEXXZ     10003907 f   Document.obj
 0001:00002927       ?InsertLine@Document@@UAEXH@Z 10003927 f   Document.obj
 0001:0000294d       ?RemoveLine@Document@@UAEXH@Z 1000394d f   Document.obj
 0001:00002973       ?AddRef@Document@@QAEHXZ   10003973 f   Document.obj
 0001:0000297d       ?Release@Document@@QAEHXZ  1000397d f   Document.obj
 0001:00002990       ?GetMark@Document@@QAEHH@Z 10003990 f   Document.obj
 0001:0000299b       ?LineFromHandle@Document@@QAEHH@Z 1000399b f   Document.obj
 0001:000029a6       ?LineStart@Document@@QBEHH@Z 100039a6 f   Document.obj
 0001:000029ae       ?LineFromPosition@Document@@QBEHH@Z 100039ae f   Document.obj
 0001:000029b6       ?GetLevel@Document@@QAEHH@Z 100039b6 f   Document.obj
 0001:000029c1       ?ClearLevels@Document@@QAEXXZ 100039c1 f   Document.obj
 0001:000029e7       ?GetFoldParent@Document@@QAEHH@Z 100039e7 f   Document.obj
 0001:00002a4d       ?ClampPositionIntoDocument@Document@@QAEHH@Z 10003a4d f   Document.obj
 0001:00002a67       ?IsCrLf@Document@@QAE_NH@Z 10003a67 f   Document.obj
 0001:00002aad       ?LenChar@Document@@QAEHH@Z 10003aad f   Document.obj
 0001:00002bb0       ?InGoodUTF8@Document@@QAE_NHAAH0@Z 10003bb0 f   Document.obj
 0001:00002c72       ?MovePositionOutsideChar@Document@@QAEHHH_N@Z 10003c72 f   Document.obj
 0001:00002dc5       ?ModifiedAt@Document@@QAEXH@Z 10003dc5 f   Document.obj
 0001:00002e2a       ?GetLineIndentPosition@Document@@QBEHH@Z 10003e2a f   Document.obj
 0001:00002e75       ?TransformLineEnds@Document@@SAPADPAHPBDIH@Z 10003e75 f   Document.obj
 0001:00002f00       ?WordCharClass@Document@@AAE?AW4cc@CharClassify@@E@Z 10003f00 f   Document.obj
 0001:00002f25       ?ExtendWordSelect@Document@@QAEHHH_N@Z 10003f25 f   Document.obj
 0001:00002fdf       ?NextWordStart@Document@@QAEHHH@Z 10003fdf f   Document.obj
 0001:000030ba       ?NextWordEnd@Document@@QAEHHH@Z 100040ba f   Document.obj
 0001:000031a8       ?IsWordStartAt@Document@@AAE_NH@Z 100041a8 f   Document.obj
 0001:0000320a       ?IsWordEndAt@Document@@AAE_NH@Z 1000420a f   Document.obj
 0001:00003275       ?IsWordAt@Document@@AAE_NHH@Z 10004275 f   Document.obj
 0001:0000329f       ?SubstituteByPosition@Document@@QAEPBDPBDPAH@Z 1000429f f   Document.obj
 0001:000032b8       ?LinesTotal@Document@@QBEHXZ 100042b8 f   Document.obj
 0001:000032c0       ?SetDefaultCharClasses@Document@@QAEX_N@Z 100042c0 f   Document.obj
 0001:000032c8       ?SetCharClasses@Document@@QAEXPBEW4cc@CharClassify@@@Z 100042c8 f   Document.obj
 0001:000032d0       ?SetStylingBits@Document@@QAEXH@Z 100042d0 f   Document.obj
 0001:000032eb       ?StartStyling@Document@@QAEXHD@Z 100042eb f   Document.obj
 0001:00003302       ?GetLineState@Document@@QAEHH@Z 10004302 f   Document.obj
 0001:0000330d       ?GetMaxLineState@Document@@QAEHXZ 1000430d f   Document.obj
 0001:00003318       ?MarginStyledText@Document@@QAE?AUStyledText@@H@Z 10004318 f   Document.obj
 0001:0000337f       ?MarginSetStyle@Document@@QAEXHH@Z 1000437f f   Document.obj
 0001:0000338a       ?MarginSetStyles@Document@@QAEXHPBE@Z 1000438a f   Document.obj
 0001:00003395       ?AnnotationStyledText@Document@@QAE?AUStyledText@@H@Z 10004395 f   Document.obj
 0001:000033fc       ?AnnotationSetStyle@Document@@QAEXHH@Z 100043fc f   Document.obj
 0001:00003407       ?AnnotationSetStyles@Document@@QAEXHPBE@Z 10004407 f   Document.obj
 0001:00003412       ?AnnotationLines@Document@@QBEHH@Z 10004412 f   Document.obj
 0001:0000341d       ?IncrementStyleClock@Document@@QAEXXZ 1000441d f   Document.obj
 0001:00003439       ?RemoveWatcher@Document@@QAE_NPAVDocWatcher@@PAX@Z 10004439 f   Document.obj
 0001:0000352f       ?NotifyModifyAttempt@Document@@AAEXXZ 1000452f f   Document.obj
 0001:0000355d       ?NotifySavePoint@Document@@AAEX_N@Z 1000455d f   Document.obj
 0001:00003591       ?NotifyModified@Document@@AAEXVDocModification@@@Z 10004591 f   Document.obj
 0001:0000361f       ?IsWordPartSeparator@Document@@QAE_ND@Z 1000461f f   Document.obj
 0001:00003645       ?WordPartLeft@Document@@QAEHH@Z 10004645 f   Document.obj
 0001:00003839       ?WordPartRight@Document@@QAEHH@Z 10004839 f   Document.obj
 0001:000039f1       ?ExtendStyleRange@Document@@QAEHHH_N@Z 100049f1 f   Document.obj
 0001:00003ac5       ?BraceMatch@Document@@QAEHHH@Z 10004ac5 f   Document.obj
 0001:00003b98       ??1DocumentIndexer@@UAE@XZ 10004b98 f i Document.obj
 0001:00003b9f       ??1?$SplitVector@H@@QAE@XZ 10004b9f f i CellBuffer.obj
 0001:00003b9f       ??1?$SplitVector@PAD@@QAE@XZ 10004b9f f i Document.obj
 0001:00003b9f       ??1?$SplitVector@D@@QAE@XZ 10004b9f f i CellBuffer.obj
 0001:00003b9f       ??1?$SplitVector@PAVMarkerHandleSet@@@@QAE@XZ 10004b9f f i Document.obj
 0001:00003baf       ??_EDocument@@UAEPAXI@Z    10004baf f i Document.obj
 0001:00003baf       ??_GDocument@@UAEPAXI@Z    10004baf f i Document.obj
 0001:00003bcb       ?SetSavePoint@Document@@QAEXXZ 10004bcb f   Document.obj
 0001:00003be1       ?AddMark@Document@@QAEHHH@Z 10004be1 f   Document.obj
 0001:00003c50       ?AddMarkSet@Document@@QAEXHH@Z 10004c50 f   Document.obj
 0001:00003cc5       ?DeleteMark@Document@@QAEXHH@Z 10004cc5 f   Document.obj
 0001:00003d1d       ?DeleteMarkFromHandle@Document@@QAEXH@Z 10004d1d f   Document.obj
 0001:00003d76       ?DeleteAllMarks@Document@@QAEXH@Z 10004d76 f   Document.obj
 0001:00003de9       ?LineEnd@Document@@QBEHH@Z 10004de9 f   Document.obj
 0001:00003e39       ?LineEndPosition@Document@@QBEHH@Z 10004e39 f   Document.obj
 0001:00003e51       ?VCHomePosition@Document@@QBEHH@Z 10004e51 f   Document.obj
 0001:00003eb0       ?SetLevel@Document@@QAEHHH@Z 10004eb0 f   Document.obj
 0001:00003f20       ?CheckReadOnly@Document@@QAEXXZ 10004f20 f   Document.obj
 0001:00003f4d       ?DeleteChars@Document@@QAE_NHH@Z 10004f4d f   Document.obj
 0001:0000408c       ?InsertString@Document@@QAE_NHPBDH@Z 1000508c f   Document.obj
 0001:000041a6       ?Undo@Document@@QAEHXZ     100051a6 f   Document.obj
 0001:00004356       ?Redo@Document@@QAEHXZ     10005356 f   Document.obj
 0001:0000450a       ?InsertChar@Document@@QAE_NHD@Z 1000550a f   Document.obj
 0001:00004525       ?InsertCString@Document@@QAE_NHPBD@Z 10005525 f   Document.obj
 0001:00004546       ?ChangeChar@Document@@QAEXHD@Z 10005546 f   Document.obj
 0001:00004567       ?DelChar@Document@@QAEXH@Z 10005567 f   Document.obj
 0001:00004583       ?DelCharBack@Document@@QAEXH@Z 10005583 f   Document.obj
 0001:000045d1       ?GetLineIndentation@Document@@QAEHH@Z 100055d1 f   Document.obj
 0001:00004644       ?SetLineIndentation@Document@@QAEXHH@Z 10005644 f   Document.obj
 0001:000046fa       ?GetColumn@Document@@QAEHH@Z 100056fa f   Document.obj
 0001:00004779       ?FindColumn@Document@@QAEHHH@Z 10005779 f   Document.obj
 0001:000047f7       ?Indent@Document@@QAEX_NHH@Z 100057f7 f   Document.obj
 0001:00004865       ?ConvertLineEnds@Document@@QAEXH@Z 10005865 f   Document.obj
 0001:00004942       ?IsWhiteLine@Document@@QBE_NH@Z 10005942 f   Document.obj
 0001:0000498f       ?ParaUp@Document@@QAEHH@Z  1000598f f   Document.obj
 0001:000049d1       ?ParaDown@Document@@QAEHH@Z 100059d1 f   Document.obj
 0001:00004a35       ?ChangeCase@Document@@QAEXVRange@@_N@Z 10005a35 f   Document.obj
 0001:00004abe       ?SetStyleFor@Document@@QAE_NHD@Z 10005abe f   Document.obj
 0001:00004b42       ?SetStyles@Document@@QAE_NHPBD@Z 10005b42 f   Document.obj
 0001:00004bfd       ?EnsureStyledTo@Document@@QAEXH@Z 10005bfd f   Document.obj
 0001:00004c4b       ?SetLineState@Document@@QAEHHH@Z 10005c4b f   Document.obj
 0001:00004cb2       ?MarginSetText@Document@@QAEXHPBD@Z 10005cb2 f   Document.obj
 0001:00004d09       ?MarginClearAll@Document@@QAEXXZ 10005d09 f   Document.obj
 0001:00004d38       ?AnnotationSetText@Document@@QAEXHPBD@Z 10005d38 f   Document.obj
 0001:00004da5       ?AnnotationClearAll@Document@@QAEXXZ 10005da5 f   Document.obj
 0001:00004dd4       ?DecorationFillRange@Document@@QAEXHHH@Z 10005dd4 f   Document.obj
 0001:00004e2c       ?AddWatcher@Document@@QAE_NPAVDocWatcher@@PAX@Z 10005e2c f   Document.obj
 0001:00004f03       ??0BuiltinRegex@@QAE@PAVCharClassify@@@Z 10005f03 f i Document.obj
 0001:00004f3a       ??1BuiltinRegex@@UAE@XZ    10005f3a f i Document.obj
 0001:00004f7c       ??_EBuiltinRegex@@UAEPAXI@Z 10005f7c f i Document.obj
 0001:00004f7c       ??_GBuiltinRegex@@UAEPAXI@Z 10005f7c f i Document.obj
 0001:00004f98       ?CharAt@DocumentIndexer@@UAEDH@Z 10005f98 f i Document.obj
 0001:00004fb8       ??_GCharacterIndexer@@UAEPAXI@Z 10005fb8 f i Document.obj
 0001:00004fb8       ??_ECharacterIndexer@@UAEPAXI@Z 10005fb8 f i Document.obj
 0001:00004fb8       ??_GDocumentIndexer@@UAEPAXI@Z 10005fb8 f i Document.obj
 0001:00004fb8       ??_EDocumentIndexer@@UAEPAXI@Z 10005fb8 f i Document.obj
 0001:00004fd5       ?FindText@BuiltinRegex@@UAEJPAVDocument@@HHPBD_N22HPAH@Z 10005fd5 f   Document.obj
 0001:000051f3       ?SubstituteByPosition@BuiltinRegex@@UAEPBDPAVDocument@@PBDPAH@Z 100061f3 f   Document.obj
 0001:0000538c       ?CreateRegexSearch@@YAPAVRegexSearchBase@@PAVCharClassify@@@Z 1000638c f   Document.obj
 0001:000053bf       ??0LineMarkers@@QAE@XZ     100063bf f i Document.obj
 0001:000053e3       ??_ELineMarkers@@UAEPAXI@Z 100063e3 f i Document.obj
 0001:000053e3       ??_GLineMarkers@@UAEPAXI@Z 100063e3 f i Document.obj
 0001:000053ff       ??0LineState@@QAE@XZ       100063ff f i Document.obj
 0001:00005420       ??_GLineState@@UAEPAXI@Z   10006420 f i Document.obj
 0001:00005420       ??_ELineState@@UAEPAXI@Z   10006420 f i Document.obj
 0001:0000543c       ??0LineAnnotation@@QAE@XZ  1000643c f i Document.obj
 0001:0000545d       ??_ELineAnnotation@@UAEPAXI@Z 1000645d f i Document.obj
 0001:0000545d       ??_GLineAnnotation@@UAEPAXI@Z 1000645d f i Document.obj
 0001:00005479       ??0LineLevels@@QAE@XZ      10006479 f i Document.obj
 0001:0000549a       ??_ELineLevels@@UAEPAXI@Z  1000649a f i Document.obj
 0001:0000549a       ??_GLineLevels@@UAEPAXI@Z  1000649a f i Document.obj
 0001:000054b6       ?GetLastChild@Document@@QAEHHH@Z 100064b6 f   Document.obj
 0001:00005550       ?FindText@Document@@QAEJHHPBD_N111HPAH@Z 10006550 f   Document.obj
 0001:000057e0       ??0Document@@QAE@XZ        100067e0 f   Document.obj
 0001:00005949       ??AAccessor@@QAEDH@Z       10006949 f i DocumentAccessor.obj
 0001:00005976       ?SafeGetCharAt@Accessor@@QAEDHD@Z 10006976 f i DocumentAccessor.obj
 0001:000059b9       ??_EAccessor@@UAEPAXI@Z    100069b9 f i DocumentAccessor.obj
 0001:000059b9       ??_GAccessor@@UAEPAXI@Z    100069b9 f i DocumentAccessor.obj
 0001:000059d6       ??1DocumentAccessor@@UAE@XZ 100069d6 f   DocumentAccessor.obj
 0001:000059dd       ?InternalIsLeadByte@DocumentAccessor@@MAE_ND@Z 100069dd f   DocumentAccessor.obj
 0001:000059fd       ?Fill@DocumentAccessor@@MAEXH@Z 100069fd f   DocumentAccessor.obj
 0001:00005aa6       ?Match@DocumentAccessor@@UAE_NHPBD@Z 10006aa6 f   DocumentAccessor.obj
 0001:00005ad9       ?StyleAt@DocumentAccessor@@UAEDH@Z 10006ad9 f   DocumentAccessor.obj
 0001:00005afd       ?GetLine@DocumentAccessor@@UAEHH@Z 10006afd f   DocumentAccessor.obj
 0001:00005b08       ?LineStart@DocumentAccessor@@UAEHH@Z 10006b08 f   DocumentAccessor.obj
 0001:00005b13       ?LevelAt@DocumentAccessor@@UAEHH@Z 10006b13 f   DocumentAccessor.obj
 0001:00005b1e       ?Length@DocumentAccessor@@UAEHXZ 10006b1e f   DocumentAccessor.obj
 0001:00005b3e       ?GetLineState@DocumentAccessor@@UAEHH@Z 10006b3e f   DocumentAccessor.obj
 0001:00005b49       ?SetLineState@DocumentAccessor@@UAEHHH@Z 10006b49 f   DocumentAccessor.obj
 0001:00005b54       ?StartAt@DocumentAccessor@@UAEXID@Z 10006b54 f   DocumentAccessor.obj
 0001:00005b82       ?StartSegment@DocumentAccessor@@UAEXI@Z 10006b82 f   DocumentAccessor.obj
 0001:00005b8f       ?ColourTo@DocumentAccessor@@UAEXIH@Z 10006b8f f   DocumentAccessor.obj
 0001:00005c45       ?SetLevel@DocumentAccessor@@UAEXHH@Z 10006c45 f   DocumentAccessor.obj
 0001:00005c50       ?Flush@DocumentAccessor@@UAEXXZ 10006c50 f   DocumentAccessor.obj
 0001:00005c96       ?IndentAmount@DocumentAccessor@@UAEHHPAHP6A_NAAVAccessor@@HH@Z@Z 10006c96 f   DocumentAccessor.obj
 0001:00005db0       ?IndicatorFill@DocumentAccessor@@UAEXHHHH@Z 10006db0 f   DocumentAccessor.obj
 0001:00005de7       ?Contains@PRectangle@@QAE_NV1@@Z 10006de7 f i Editor.obj
 0001:00005e14       ?Intersects@PRectangle@@QAE_NV1@@Z 10006e14 f i Editor.obj
 0001:00005e41       ?Empty@PRectangle@@QAE_NXZ 10006e41 f i Editor.obj
 0001:00005e5b       ?LineLength@StyledText@@QBEII@Z 10006e5b f i Editor.obj
 0001:00005e7c       ?StyleAt@StyledText@@QBEII@Z 10006e7c f i Editor.obj
 0001:00005e95       ??1DocWatcher@@UAE@XZ      10006e95 f i Editor.obj
 0001:00005e9c       ??_EDocWatcher@@UAEPAXI@Z  10006e9c f i Editor.obj
 0001:00005e9c       ??_GDocWatcher@@UAEPAXI@Z  10006e9c f i Editor.obj
 0001:00005eb9       ?Set@SelectionText@@QAEXPADHHH_N1@Z 10006eb9 f i Editor.obj
 0001:00005ef3       ?Copy@SelectionText@@QAEXPBDHHH_N1@Z 10006ef3 f i Editor.obj
 0001:00005f4f       ??1AutoSurface@@QAE@XZ     10006f4f f i Editor.obj
 0001:00005f9f       ??0Caret@@QAE@XZ           10006f9f f   Editor.obj
 0001:00005fb0       ??0Timer@@QAE@XZ           10006fb0 f   Editor.obj
 0001:00005fbd       ??0Idler@@QAE@XZ           10006fbd f   Editor.obj
 0001:00005fc7       ?Finalise@Editor@@MAEXXZ   10006fc7 f   Editor.obj
 0001:00005fdc       ?DropGraphics@Editor@@IAEXXZ 10006fdc f   Editor.obj
 0001:00006017       ?RefreshColourPalette@Editor@@MAEXAAVPalette@@_N@Z 10007017 f   Editor.obj
 0001:0000601f       ?GetClientRectangle@Editor@@MAE?AVPRectangle@@XZ 1000701f f   Editor.obj
 0001:00006032       ?GetTextRectangle@Editor@@IAE?AVPRectangle@@XZ 10007032 f   Editor.obj
 0001:00006058       ?LinesOnScreen@Editor@@IAEHXZ 10007058 f   Editor.obj
 0001:0000607c       ?LinesToScroll@Editor@@IAEHXZ 1000707c f   Editor.obj
 0001:0000608b       ?MaxScrollPos@Editor@@IAEHXZ 1000708b f   Editor.obj
 0001:000060be       ?ControlCharacterString@@YAPBDE@Z 100070be f   Editor.obj
 0001:000061be       ??1AutoLineLayout@@QAE@XZ  100071be f i Editor.obj
 0001:000061d1       ?Set@AutoLineLayout@@QAEXPAVLineLayout@@@Z 100071d1 f i Editor.obj
 0001:000061e9       ?LineFromLocation@Editor@@IAEHVPoint@@@Z 100071e9 f   Editor.obj
 0001:00006209       ?SetTopLine@Editor@@IAEXH@Z 10007209 f   Editor.obj
 0001:00006238       ?AbandonPaint@Editor@@IAE_NXZ 10007238 f   Editor.obj
 0001:0000625b       ?RedrawRect@Editor@@IAEXVPRectangle@@@Z 1000725b f   Editor.obj
 0001:000062c8       ?Redraw@Editor@@IAEXXZ     100072c8 f   Editor.obj
 0001:000062f7       ?RectangleFromRange@Editor@@IAE?AVPRectangle@@HH@Z 100072f7 f   Editor.obj
 0001:000063da       ?InvalidateRange@Editor@@IAEXHH@Z 100073da f   Editor.obj
 0001:0000640d       ?CurrentPosition@Editor@@IAEHXZ 1000740d f   Editor.obj
 0001:00006414       ?SelectionEmpty@Editor@@IAE_NXZ 10007414 f   Editor.obj
 0001:00006426       ?SelectionStart@Editor@@IAEHXZ 10007426 f   Editor.obj
 0001:0000643a       ?SelectionEnd@Editor@@IAEHXZ 1000743a f   Editor.obj
 0001:0000644e       ?InvalidateSelection@Editor@@IAEXHH_N@Z 1000744e f   Editor.obj
 0001:000064bf       ?RangeContainsProtected@Editor@@IBE_NHH@Z 100074bf f   Editor.obj
 0001:0000652f       ?MovePositionOutsideChar@Editor@@IBEHHH_N@Z 1000752f f   Editor.obj
 0001:0000663b       ?MovePositionSoVisible@Editor@@IAEHHH@Z 1000763b f   Editor.obj
 0001:000066e4       ?ScrollText@Editor@@MAEXH@Z 100076e4 f   Editor.obj
 0001:000066ec       ?HorizontalScrollTo@Editor@@IAEXH@Z 100076ec f   Editor.obj
 0001:00006740       ?InvalidateCaret@Editor@@IAEXXZ 10007740 f   Editor.obj
 0001:0000676c       ?UpdateSystemCaret@Editor@@MAEXXZ 1000776c f   Editor.obj
 0001:0000676c       ?ClaimSelection@ScintillaWin@@EAEXXZ 1000776c f   ScintillaWin.obj
 0001:0000676c       ?StartDrag@Editor@@MAEXXZ  1000776c f   Editor.obj
 0001:0000676c       __fpclear                  1000776c f   LIBCMT:fpinit.obj
 0001:0000676c       ?ReconfigureScrollBars@Editor@@MAEXXZ 1000776c f   Editor.obj
 0001:0000676c       ?DebugPrintf@Platform@@SAXPBDZZ 1000776c f   PlatWin.obj
 0001:0000676c       __initp_misc_winxfltr      1000776c f   LIBCMT:winxfltr.obj
 0001:0000676d       ?NeedWrapping@Editor@@IAEXHH@Z 1000776d f   Editor.obj
 0001:000067fa       ?LinesJoin@Editor@@IAEXXZ  100077fa f   Editor.obj
 0001:000068b3       ?StringFromEOLMode@Editor@@KAPBDH@Z 100078b3 f   Editor.obj
 0001:000068d2       ?SubstituteMarkerIfEmpty@Editor@@IAEHHH@Z 100078d2 f   Editor.obj
 0001:000068ee       ?ValidStyledText@@YA_NAAVViewStyle@@IABUStyledText@@@Z 100078ee f   Editor.obj
 0001:00006a21       ?DrawStyledText@@YAXPAVSurface@@AAVViewStyle@@HVPRectangle@@HABUStyledText@@II@Z 10007a21 f   Editor.obj
 0001:00006b5b       ?PaintSelMargin@Editor@@IAEXPAVSurface@@AAVPRectangle@@@Z 10007b5b f   Editor.obj
 0001:00007141       ?DrawTabArrow@@YAXPAVSurface@@VPRectangle@@H@Z 10008141 f   Editor.obj
 0001:000071ca       ?RetrieveLineLayout@Editor@@IAEPAVLineLayout@@H@Z 100081ca f   Editor.obj
 0001:00007252       ?BadUTF@@YA_NPBDHAAH@Z     10008252 f   Editor.obj
 0001:00007306       ?SelectionBackground@Editor@@IAE?AVColourAllocated@@AAVViewStyle@@@Z 10008306 f   Editor.obj
 0001:0000732a       ?TextBackground@Editor@@IAE?AVColourAllocated@@AAVViewStyle@@_NV2@11HHPAVLineLayout@@@Z 1000832a f   Editor.obj
 0001:000073cc       ?DrawIndentGuide@Editor@@IAEXPAVSurface@@HHHVPRectangle@@_N@Z 100083cc f   Editor.obj
 0001:00007436       ?MoveTo@Relative@?1??DrawWrapMarker@Editor@@IAEXPAVSurface@@VPRectangle@@_NVColourAllocated@@@Z@QAEXHH@Z 10008436 f   Editor.obj
 0001:0000745c       ?LineTo@Relative@?1??DrawWrapMarker@Editor@@IAEXPAVSurface@@VPRectangle@@_NVColourAllocated@@@Z@QAEXHH@Z 1000845c f   Editor.obj
 0001:000074b5       ?DrawTextBlob@@YAXPAVSurface@@AAVViewStyle@@VPRectangle@@PBDVColourAllocated@@4_N@Z 100084b5 f   Editor.obj
 0001:000075a9       ?DrawIndicators@Editor@@IAEXPAVSurface@@AAVViewStyle@@HHVPRectangle@@PAVLineLayout@@HH_N@Z 100085a9 f   Editor.obj
 0001:000077c5       ?DrawAnnotation@Editor@@IAEXPAVSurface@@AAVViewStyle@@HHVPRectangle@@PAVLineLayout@@H@Z 100087c5 f   Editor.obj
 0001:00007a26       ?DrawBlockCaret@Editor@@IAEXPAVSurface@@AAVViewStyle@@PAVLineLayout@@HHHHVPRectangle@@@Z 10008a26 f   Editor.obj
 0001:00007b83       ?AddChar@Editor@@IAEXD@Z   10008b83 f   Editor.obj
 0001:00007ba1       ?ClearDocumentStyle@Editor@@IAEXXZ 10008ba1 f   Editor.obj
 0001:00007c38       ?NotifyFocus@Editor@@MAEX_N@Z 10008c38 f   Editor.obj
 0001:00007c3b       ?NotifyStyleToNeeded@Editor@@MAEXH@Z 10008c3b f   Editor.obj
 0001:00007c7f       ?NotifyStyleNeeded@Editor@@MAEXPAVDocument@@PAXH@Z 10008c7f f   Editor.obj
 0001:00007c8b       ?NotifySavePoint@Editor@@IAEX_N@Z 10008c8b f   Editor.obj
 0001:00007cd1       ?NotifyModifyAttempt@Editor@@IAEXXZ 10008cd1 f   Editor.obj
 0001:00007d0d       ?NotifyHotSpotDoubleClicked@Editor@@IAEXH_N00@Z 10008d0d f   Editor.obj
 0001:00007d74       ?NotifyHotSpotClicked@Editor@@IAEXH_N00@Z 10008d74 f   Editor.obj
 0001:00007ddb       ?NotifyUpdateUI@Editor@@IAEXXZ 10008ddb f   Editor.obj
 0001:00007e17       ?NotifyPainted@Editor@@IAEXXZ 10008e17 f   Editor.obj
 0001:00007e53       ?NotifyIndicatorClick@Editor@@IAEX_NH000@Z 10008e53 f   Editor.obj
 0001:00007efc       ?NotifyMarginClick@Editor@@IAE_NVPoint@@_N11@Z 10008efc f   Editor.obj
 0001:00007fc4       ?NotifyNeedShown@Editor@@IAEXHH@Z 10008fc4 f   Editor.obj
 0001:0000800e       ?NotifyZoom@Editor@@IAEXXZ 1000900e f   Editor.obj
 0001:0000804a       ?NotifyModifyAttempt@Editor@@MAEXPAVDocument@@PAX@Z 1000904a f   Editor.obj
 0001:00008052       ?NotifySavePoint@Editor@@MAEXPAVDocument@@PAX_N@Z 10009052 f   Editor.obj
 0001:0000805e       ?NotifyDeleted@Editor@@MAEXPAVDocument@@PAX@Z 1000905e f   Editor.obj
 0001:00008061       ?NotifyMacroRecord@Editor@@IAEXIKJ@Z 10009061 f   Editor.obj
 0001:00008212       ?CancelModes@Editor@@MAEXXZ 10009212 f   Editor.obj
 0001:0000821a       ?KeyDefault@Editor@@MAEHHH@Z 1000921a f   Editor.obj
 0001:0000821f       ?FindText@Editor@@IAEJKJ@Z 1000921f f   Editor.obj
 0001:00008285       ?SearchAnchor@Editor@@IAEXXZ 10009285 f   Editor.obj
 0001:00008295       ?SearchInTarget@Editor@@IAEJPBDH@Z 10009295 f   Editor.obj
 0001:0000832d       ?CopyRange@Editor@@IAEPADHH@Z 1000932d f   Editor.obj
 0001:00008395       ?CopySelectionFromRange@Editor@@IAEXPAVSelectionText@@_NHH@Z 10009395 f   Editor.obj
 0001:000084d0       ?SetDragPosition@Editor@@IAEXH@Z 100094d0 f   Editor.obj
 0001:00008522       ?DisplayCursor@Editor@@MAEXW4Cursor@Window@@@Z 10009522 f   Editor.obj
 0001:0000853e       ?DragThreshold@Editor@@MAE_NVPoint@@0@Z 1000953e f   Editor.obj
 0001:00008565       ?PointInSelMargin@Editor@@IAE_NVPoint@@@Z 10009565 f   Editor.obj
 0001:000085a8       ?PositionIsHotspot@Editor@@IAE_NH@Z 100095a8 f   Editor.obj
 0001:000085dc       ?GetHotSpotRange@Editor@@IAEXAAH0@Z 100095dc f   Editor.obj
 0001:000085f7       ?PaintContains@Editor@@MAE_NVPRectangle@@@Z 100095f7 f   Editor.obj
 0001:0000862b       ?PaintContainsMargin@Editor@@IAE_NXZ 1000962b f   Editor.obj
 0001:00008665       ?CheckForChangeOutsidePaint@Editor@@IAEXVRange@@@Z 10009665 f   Editor.obj
 0001:000086e6       ?SetBraceHighlight@Editor@@IAEXHHH@Z 100096e6 f   Editor.obj
 0001:00008785       ?SetAnnotationHeights@Editor@@IAEXHH@Z 10009785 f   Editor.obj
 0001:000087c6       ?SetAnnotationVisible@Editor@@IAEXH@Z 100097c6 f   Editor.obj
 0001:0000886d       ?Expand@Editor@@IAEXAAH_N@Z 1000986d f   Editor.obj
 0001:000088e6       ?ReplaceTarget@Editor@@IAEH_NPBDH@Z 100098e6 f   Editor.obj
 0001:0000899d       ?IsUnicodeMode@Editor@@QBE_NXZ 1000999d f   Editor.obj
 0001:000089ba       ?CodePage@Editor@@IBEHXZ   100099ba f   Editor.obj
 0001:000089d8       ?StyleGetMessage@Editor@@IAEJIKJ@Z 100099d8 f   Editor.obj
 0001:00008b28       ?Free@SelectionText@@QAEXXZ 10009b28 f i Editor.obj
 0001:00008b48       ??0AutoSurface@@QAE@PAVEditor@@@Z 10009b48 f i Editor.obj
 0001:00008ba7       ??0AutoSurface@@QAE@PAXPAVEditor@@@Z 10009ba7 f i Editor.obj
 0001:00008c0a       ??0SelectionLineIterator@@QAE@PAVEditor@@_N@Z 10009c0a f i Editor.obj
 0001:00008ca4       ?RedrawSelMargin@Editor@@IAEXH@Z 10009ca4 f   Editor.obj
 0001:00008d26       ?ShowCaretAtCurrentPosition@Editor@@IAEXXZ 10009d26 f   Editor.obj
 0001:00008d61       ?DropCaret@Editor@@IAEXXZ  10009d61 f   Editor.obj
 0001:00008d6d       ?LayoutLine@Editor@@IAEXHPAVSurface@@AAVViewStyle@@PAVLineLayout@@H@Z 10009d6d f   Editor.obj
 0001:00009596       ?DrawWrapMarker@Editor@@IAEXPAVSurface@@VPRectangle@@_NVColourAllocated@@@Z 1000a596 f   Editor.obj
 0001:0000967c       ?DrawEOL@Editor@@IAEXPAVSurface@@AAVViewStyle@@VPRectangle@@PAVLineLayout@@HHHHH_NVColourAllocated@@45@Z 1000a67c f   Editor.obj
 0001:0000996c       ?DrawLine@Editor@@IAEXPAVSurface@@AAVViewStyle@@HHHVPRectangle@@PAVLineLayout@@H@Z 1000a96c f   Editor.obj
 0001:0000aa57       ?RefreshPixMaps@Editor@@IAEXPAVSurface@@@Z 1000ba57 f   Editor.obj
 0001:0000aca4       ?InvertedLight@@YA?AVColourDesired@@V1@@Z 1000bca4 f   Editor.obj
 0001:0000ad3e       ?FormatRange@Editor@@IAEJ_NPAUSci_RangeToFormat@@@Z 1000bd3e f   Editor.obj
 0001:0000b35b       ?DelChar@Editor@@IAEXXZ    1000c35b f   Editor.obj
 0001:0000b38d       ?NotifyChar@Editor@@IAEXH@Z 1000c38d f   Editor.obj
 0001:0000b3f6       ?CheckModificationForWrap@Editor@@IAEXVDocModification@@@Z 1000c3f6 f   Editor.obj
 0001:0000b471       ?Duplicate@Editor@@IAEX_N@Z 1000c471 f   Editor.obj
 0001:0000b52c       ?SetFocusState@Editor@@IAEX_N@Z 1000c52c f   Editor.obj
 0001:0000b561       ?WrapCount@Editor@@IAEHH@Z 1000c561 f   Editor.obj
 0001:0000b5fe       ??1SelectionText@@QAE@XZ   1000c5fe f i Editor.obj
 0001:0000b603       ??0Editor@@IAE@XZ          1000c603 f   Editor.obj
 0001:0000b981       ?GetCtrlID@Editor@@MAEHXZ  1000c981 f i Editor.obj
 0001:0000b988       ?SetIdle@Editor@@MAE_N_N@Z 1000c988 f i Editor.obj
 0001:0000b98d       ?ValidCodePage@Editor@@MBE_NH@Z 1000c98d f i Editor.obj
 0001:0000b992       ??1Editor@@MAE@XZ          1000c992 f   Editor.obj
 0001:0000ba9f       ?PositionFromLocation@Editor@@IAEHVPoint@@_N1@Z 1000ca9f f   Editor.obj
 0001:0000bd03       ?ScrollTo@Editor@@IAEXH_N@Z 1000cd03 f   Editor.obj
 0001:0000bd71       ?DisplayFromPosition@Editor@@IAEHH@Z 1000cd71 f   Editor.obj
 0001:0000be43       ?WrapOneLine@Editor@@IAE_NPAVSurface@@H@Z 1000ce43 f   Editor.obj
 0001:0000becf       ?LinesSplit@Editor@@IAEXH@Z 1000cecf f   Editor.obj
 0001:0000c05c       ?NotifyDoubleClick@Editor@@MAEXVPoint@@_N11@Z 1000d05c f   Editor.obj
 0001:0000c0e3       ?NotifyDwelling@Editor@@IAEXVPoint@@_N@Z 1000d0e3 f   Editor.obj
 0001:0000c147       ?CopyRangeToClipboard@Editor@@IAEXHH@Z 1000d147 f   Editor.obj
 0001:0000c1d8       ?CopyText@Editor@@IAEXHPBD@Z 1000d1d8 f   Editor.obj
 0001:0000c243       ?DwellEnd@Editor@@IAEX_N@Z 1000d243 f   Editor.obj
 0001:0000c28f       ?PointIsHotspot@Editor@@IAE_NVPoint@@@Z 1000d28f f   Editor.obj
 0001:0000c2b8       ?SetHotSpotRange@Editor@@IAEXPAVPoint@@@Z 1000d2b8 f   Editor.obj
 0001:0000c36e       ??_EEditor@@MAEPAXI@Z      1000d36e f i Editor.obj
 0001:0000c36e       ??_GEditor@@MAEPAXI@Z      1000d36e f i Editor.obj
 0001:0000c38a       ?SetScrollBars@Editor@@IAEXXZ 1000d38a f   Editor.obj
 0001:0000c418       ?ChangeSize@Editor@@IAEXXZ 1000d418 f   Editor.obj
 0001:0000c478       ?NotifyModified@Editor@@MAEXPAVDocument@@VDocModification@@PAX@Z 1000d478 f   Editor.obj
 0001:0000c85d       ?KeyDown@Editor@@IAEHH_N00PA_N@Z 1000d85d f   Editor.obj
 0001:0000c8d6       ?SetDocPointer@Editor@@IAEXPAVDocument@@@Z 1000d8d6 f   Editor.obj
 0001:0000c9d7       ?RefreshStyleData@Editor@@IAEXXZ 1000d9d7 f   Editor.obj
 0001:0000caae       ?LocationFromPosition@Editor@@IAE?AVPoint@@H@Z 1000daae f   Editor.obj
 0001:0000cc65       ?XFromPosition@Editor@@IAEHH@Z 1000dc65 f   Editor.obj
 0001:0000cc8d       ?PositionFromLineX@Editor@@IAEHHH@Z 1000dc8d f   Editor.obj
 0001:0000cddf       ?SetRectangularRange@Editor@@IAEXXZ 1000dddf f   Editor.obj
 0001:0000ce11       ?SetSelection@Editor@@IAEXHH@Z 1000de11 f   Editor.obj
 0001:0000ce75       ?SetSelection@Editor@@IAEXH@Z 1000de75 f   Editor.obj
 0001:0000cebb       ?SetEmptySelection@Editor@@IAEXH@Z 1000debb f   Editor.obj
 0001:0000cedc       ?SetLastXChosen@Editor@@IAEXXZ 1000dedc f   Editor.obj
 0001:0000ceff       ?EnsureCaretVisible@Editor@@IAEX_N00@Z 1000deff f   Editor.obj
 0001:0000d34f       ?WrapLines@Editor@@IAE_N_NH@Z 1000e34f f   Editor.obj
 0001:0000d603       ?TextWidth@Editor@@IAEHHPBD@Z 1000e603 f   Editor.obj
 0001:0000d66b       ?SelectAll@Editor@@IAEXXZ  1000e66b f   Editor.obj
 0001:0000d68e       ?Undo@Editor@@IAEXXZ       1000e68e f   Editor.obj
 0001:0000d6d0       ?Redo@Editor@@IAEXXZ       1000e6d0 f   Editor.obj
 0001:0000d70b       ?StartEndDisplayLine@Editor@@IAEHH_N@Z 1000e70b f   Editor.obj
 0001:0000d856       ?SearchText@Editor@@IAEJIKJ@Z 1000e856 f   Editor.obj
 0001:0000d90a       ?GoToLine@Editor@@IAEXH@Z  1000e90a f   Editor.obj
 0001:0000d95f       ?LineSelection@Editor@@IAEXHH@Z 1000e95f f   Editor.obj
 0001:0000d9b3       ?ButtonUp@Editor@@IAEXVPoint@@I_N@Z 1000e9b3 f   Editor.obj
 0001:0000dbbd       ?Idle@Editor@@IAE_NXZ      1000ebbd f   Editor.obj
 0001:0000dbf2       ?EnsureLineVisible@Editor@@IAEXH_N@Z 1000ebf2 f   Editor.obj
 0001:0000dd80       ?AddStyledText@Editor@@IAEXPADH@Z 1000ed80 f   Editor.obj
 0001:0000de1d       ?InvalidateStyleData@Editor@@IAEXXZ 1000ee1d f   Editor.obj
 0001:0000de7d       ?InvalidateStyleRedraw@Editor@@IAEXXZ 1000ee7d f   Editor.obj
 0001:0000de9b       ?SetAt@SelectionLineIterator@@QAEXH@Z 1000ee9b f i Editor.obj
 0001:0000df2c       ?Iterate@SelectionLineIterator@@QAE_NXZ 1000ef2c f i Editor.obj
 0001:0000df50       ?SelectionContainsProtected@Editor@@IAE_NXZ 1000ef50 f   Editor.obj
 0001:0000dfae       ?MovePositionTo@Editor@@IAEHHW4selTypes@1@_N@Z 1000efae f   Editor.obj
 0001:0000e021       ?MoveCaretInsideView@Editor@@IAEX_N@Z 1000f021 f   Editor.obj
 0001:0000e0b8       ?Paint@Editor@@IAEXPAVSurface@@VPRectangle@@@Z 1000f0b8 f   Editor.obj
 0001:0000e99d       ?ClearSelection@Editor@@IAEXXZ 1000f99d f   Editor.obj
 0001:0000ea63       ?ClearAll@Editor@@IAEXXZ   1000fa63 f   Editor.obj
 0001:0000eb09       ?Cut@Editor@@IAEXXZ        1000fb09 f   Editor.obj
 0001:0000eb46       ?PasteRectangular@Editor@@IAEXHPBDH@Z 1000fb46 f   Editor.obj
 0001:0000ece6       ?CanPaste@Editor@@MAE_NXZ  1000fce6 f   Editor.obj
 0001:0000ed0f       ?Clear@Editor@@IAEXXZ      1000fd0f f   Editor.obj
 0001:0000ed4d       ?DelCharBack@Editor@@IAEX_N@Z 1000fd4d f   Editor.obj
 0001:0000ee87       ?PageMove@Editor@@IAEXHW4selTypes@1@_N@Z 1000fe87 f   Editor.obj
 0001:0000efd4       ?ChangeCaseOfSelection@Editor@@IAEX_N@Z 1000ffd4 f   Editor.obj
 0001:0000f07c       ?LineTranspose@Editor@@IAEXXZ 1001007c f   Editor.obj
 0001:0000f18f       ?NewLine@Editor@@IAEXXZ    1001018f f   Editor.obj
 0001:0000f21b       ?CursorUpOrDown@Editor@@IAEXHW4selTypes@1@@Z 1001021b f   Editor.obj
 0001:0000f337       ?ParaUpOrDown@Editor@@IAEXHW4selTypes@1@@Z 10010337 f   Editor.obj
 0001:0000f3e6       ?Indent@Editor@@IAEX_N@Z   100103e6 f   Editor.obj
 0001:0000f6d6       ?CopySelectionRange@Editor@@IAEXPAVSelectionText@@_N@Z 100106d6 f   Editor.obj
 0001:0000f82f       ?PositionInSelection@Editor@@IAEHH@Z 1001082f f   Editor.obj
 0001:0000f8af       ?PointInSelection@Editor@@IAE_NVPoint@@@Z 100108af f   Editor.obj
 0001:0000f959       ?ButtonDown@Editor@@MAEXVPoint@@I_N11@Z 10010959 f   Editor.obj
 0001:0000fd1a       ?ButtonMove@Editor@@IAEXVPoint@@@Z 10010d1a f   Editor.obj
 0001:0000ffcf       ?Tick@Editor@@IAEXXZ       10010fcf f   Editor.obj
 0001:0001009e       ?ToggleContraction@Editor@@IAEXH@Z 1001109e f   Editor.obj
 0001:000101a1       ?StyleSetMessage@Editor@@IAEXIKJ@Z 100111a1 f   Editor.obj
 0001:00010329       ?WndProc@Editor@@UAEJIKJ@Z 10011329 f   Editor.obj
 0001:00012a92       ?AddCharUTF@Editor@@MAEXPADI_N@Z 10013a92 f   Editor.obj
 0001:00012c82       ?CopyAllowLine@Editor@@MAEXXZ 10013c82 f   Editor.obj
 0001:00012ccf       ?KeyCommand@Editor@@MAEHI@Z 10013ccf f   Editor.obj
 0001:00013636       ?DropAt@Editor@@IAEXHPBD_N1@Z 10014636 f   Editor.obj
 0001:0001379f       ??1SContainer@@IAE@XZ      1001479f f i ExternalLexer.obj
 0001:000137b3       ??1SString@@QAE@XZ         100147b3 f i ExternalLexer.obj
 0001:000137bc       ??_ELexerModule@@UAEPAXI@Z 100147bc f i ExternalLexer.obj
 0001:000137bc       ??_EExternalLexerModule@@UAEPAXI@Z 100147bc f i ExternalLexer.obj
 0001:000137bc       ??_GExternalLexerModule@@UAEPAXI@Z 100147bc f i ExternalLexer.obj
 0001:000137bc       ??_GLexerModule@@UAEPAXI@Z 100147bc f i ExternalLexer.obj
 0001:000137d9       ??0ExternalLexerModule@@QAE@HP6AXIHHQAPAVWordList@@AAVAccessor@@@ZPBD2@Z 100147d9 f i ExternalLexer.obj
 0001:00013816       ?WordListsToStrings@@YAPAPADQAPAVWordList@@@Z 10014816 f   ExternalLexer.obj
 0001:0001391c       ?DeleteWLStrings@@YAXQAPAD@Z 1001491c f   ExternalLexer.obj
 0001:00013941       ?Lex@ExternalLexerModule@@UBEXIHHQAPAVWordList@@AAVAccessor@@@Z 10014941 f   ExternalLexer.obj
 0001:00013995       ?Fold@ExternalLexerModule@@UBEXIHHQAPAVWordList@@AAVAccessor@@@Z 10014995 f   ExternalLexer.obj
 0001:000139e9       ?SetExternal@ExternalLexerModule@@UAEXP6GXIIHHQAPADPAXPAD@Z3H@Z 100149e9 f   ExternalLexer.obj
 0001:00013a01       ??0LexerLibrary@@QAE@PBD@Z 10014a01 f   ExternalLexer.obj
 0001:00013b5a       ?Release@LexerLibrary@@QAEXXZ 10014b5a f   ExternalLexer.obj
 0001:00013b8e       ??0LexerManager@@AAE@XZ    10014b8e f   ExternalLexer.obj
 0001:00013b98       ?LoadLexerLibrary@LexerManager@@AAEXPBD@Z 10014b98 f   ExternalLexer.obj
 0001:00013be1       ??1LexerLibrary@@QAE@XZ    10014be1 f   ExternalLexer.obj
 0001:00013c1d       ?GetInstance@LexerManager@@SAPAV1@XZ 10014c1d f   ExternalLexer.obj
 0001:00013c43       ?Load@LexerManager@@QAEXPBD@Z 10014c43 f   ExternalLexer.obj
 0001:00013c48       ?Clear@LexerManager@@QAEXXZ 10014c48 f   ExternalLexer.obj
 0001:00013c73       ??1LexerManager@@QAE@XZ    10014c73 f   ExternalLexer.obj
 0001:00013c78       ?DeleteInstance@LexerManager@@SAXXZ 10014c78 f   ExternalLexer.obj
 0001:00013c9a       ??1LMMinder@@QAE@XZ        10014c9a f   ExternalLexer.obj
 0001:00013c9f       ?Draw@Indicator@@QAEXPAVSurface@@ABVPRectangle@@1@Z 10014c9f f   Indicator.obj
 0001:00013ecf       ?FreeWords@LineToItem@@AAEXXZ 10014ecf f   PlatWin.obj
 0001:00013ecf       ?Clear@KeyMap@@QAEXXZ      10014ecf f   KeyMap.obj
 0001:00013ee6       ?AssignCmdKey@KeyMap@@QAEXHHI@Z 10014ee6 f   KeyMap.obj
 0001:00013fac       ?Find@KeyMap@@QAEIHH@Z     10014fac f   KeyMap.obj
 0001:00013fe4       ??0KeyMap@@QAE@XZ          10014fe4 f   KeyMap.obj
 0001:00014025       ??1KeyMap@@QAE@XZ          10015025 f   KeyMap.obj
 0001:0001402a       ??0LexerModule@@QAE@HP6AXIHHQAPAVWordList@@AAVAccessor@@@ZPBD2QBQBDH@Z 1001502a f   KeyWords.obj
 0001:00014083       ?GetStyleBitsNeeded@LexerModule@@QBEHXZ 10015083 f   KeyWords.obj
 0001:00014087       ?Find@LexerModule@@SAPBV1@H@Z 10015087 f   KeyWords.obj
 0001:0001409f       ?Find@LexerModule@@SAPBV1@PBD@Z 1001509f f   KeyWords.obj
 0001:000140d5       ?Lex@LexerModule@@UBEXIHHQAPAVWordList@@AAVAccessor@@@Z 100150d5 f   KeyWords.obj
 0001:000140f7       ?Fold@LexerModule@@UBEXIHHQAPAVWordList@@AAVAccessor@@@Z 100150f7 f   KeyWords.obj
 0001:00014154       ?Scintilla_LinkLexers@@YAHXZ 10015154 f   KeyWords.obj
 0001:00014393       ?IsLeadByte@Accessor@@QAE_ND@Z 10015393 f i LexAbaqus.obj
 0001:000143b2       ?GetNextChar@StyleContext@@AAEXI@Z 100153b2 f i LexAbaqus.obj
 0001:0001441d       ??0StyleContext@@QAE@IIHAAVAccessor@@D@Z 1001541d f i LexAbaqus.obj
 0001:000144ab       ?Forward@StyleContext@@QAEXXZ 100154ab f i LexAbaqus.obj
 0001:000144fe       ?SetState@StyleContext@@QAEXH@Z 100154fe f i LexAbaqus.obj
 0001:00014d14       ?ForwardSetState@StyleContext@@QAEXH@Z 10015d14 f i LexAda.obj
 0001:00014d36       ?Match@StyleContext@@QAE_NDD@Z 10015d36 f i LexAda.obj
 0001:00014d54       ?IsASpace@@YA_NI@Z         10015d54 f i LexAda.obj
 0001:00014d6e       ??ASString@@QBEDI@Z        10015d6e f i LexAda.obj
 0001:00016116       ?isoperator@@YA_ND@Z       10017116 f i LexASY.obj
 0001:000161ae       ??1CharacterSet@@QAE@XZ    100171ae f i LexASY.obj
 0001:000161c3       ?AddString@CharacterSet@@QAEXPBD@Z 100171c3 f i LexASY.obj
 0001:000161e3       ?Contains@CharacterSet@@QBE_NH@Z 100171e3 f i LexASY.obj
 0001:00016558       ??0CharacterSet@@QAE@W4setBase@0@PBDH_N@Z 10017558 f i LexASY.obj
 0001:000168dc       ?isspacechar@@YA_NE@Z      100178dc f i LexAU3.obj
 0001:00017d16       ?iswordchar@@YA_ND@Z       10018d16 f i LexAVE.obj
 0001:00017d41       ?IsAWordStart@@YA_NH@Z     10018d41 f i LexAVE.obj
 0001:00017d67       ?isAveOperator@@YA_ND@Z    10018d67 f i LexAVE.obj
 0001:000182fa       ?MatchIgnoreCase@StyleContext@@QAE_NPBD@Z 100192fa f i LexBaan.obj
 0001:000187de       ?LengthCurrent@StyleContext@@QAEHXZ 100197de f i LexBash.obj
 0001:000187f1       ?GetRelative@StyleContext@@QAEHH@Z 100197f1 f i LexBash.obj
 0001:00018808       ?IsADigit@@YA_NII@Z        10019808 f i LexBash.obj
 0001:0001884e       ??0HereDocCls@?1??ColouriseBashDoc@@YAXIHHQAPAVWordList@@AAVAccessor@@@Z@QAE@XZ 1001984e f   LexBash.obj
 0001:00018877       ??1HereDocCls@?1??ColourisePerlDoc@@YAXIHHQAPAVWordList@@AAVAccessor@@@Z@QAE@XZ 10019877 f   LexPerl.obj
 0001:00018877       ??1HereDocCls@?1??ColouriseBashDoc@@YAXIHHQAPAVWordList@@AAVAccessor@@@Z@QAE@XZ 10019877 f   LexBash.obj
 0001:00018881       ??0QuoteCls@?2??ColouriseBashDoc@@YAXIHHQAPAVWordList@@AAVAccessor@@@Z@QAE@XZ 10019881 f   LexBash.obj
 0001:0001888e       ?Open@QuoteCls@?2??ColouriseBashDoc@@YAXIHHQAPAVWordList@@AAVAccessor@@@Z@QAEXH@Z 1001988e f   LexBash.obj
 0001:000188a2       ?Start@QuoteCls@?2??ColouriseBashDoc@@YAXIHHQAPAVWordList@@AAVAccessor@@@Z@QAEXH@Z 100198a2 f   LexBash.obj
 0001:00019aac       ?iswordstart@@YA_ND@Z      1001aaac f i LexBullant.obj
 0001:0001a0f9       ?iscaml@@YAHH@Z            1001b0f9 f i LexCaml.obj
 0001:0001a0f9       ?issml@@YAHH@Z             1001b0f9 f i LexSML.obj
 0001:0001a113       ?IsALabelStart@@YA_NH@Z    1001b113 f i LexCLW.obj
 0001:0001a113       ?iscamlf@@YAHH@Z           1001b113 f i LexCaml.obj
 0001:0001a113       ?issmlf@@YAHH@Z            1001b113 f i LexSML.obj
 0001:0001a12d       ?ColouriseCamlDoc@@YAXIHHQAPAVWordList@@AAVAccessor@@@Z 1001b12d f   LexCaml.obj
 0001:0001a7da       ??1WordList@@QAE@XZ        1001b7da f i LexCLW.obj
 0001:0001a7ff       ?IsALabelCharacter@@YA_NH@Z 1001b7ff f i LexCLW.obj
 0001:0001a820       ?IsAHexCharacter@@YA_NH_N@Z 1001b820 f i LexCLW.obj
 0001:0001a848       ?IsANumericBaseCharacter@@YA_NH_N@Z 1001b848 f i LexCLW.obj
 0001:0001a870       ?SetNumericConstantState@@YA_NAAVStyleContext@@@Z 1001b870 f i LexCLW.obj
 0001:0001a8ce       ?GetNextWordUpper@@YA_NAAVAccessor@@IHPAD@Z 1001b8ce f i LexCLW.obj
 0001:0001bf02       ?isCOBOLwordchar@@YA_ND@Z  1001cf02 f i LexCOBOL.obj
 0001:0001bf28       ?isCOBOLwordstart@@YA_ND@Z 1001cf28 f i LexCOBOL.obj
 0001:0001c9e9       ?Match@StyleContext@@QAE_NPBD@Z 1001d9e9 f i LexCPP.obj
 0001:0001ca3d       ?IsSpaceOrTab@@YA_NH@Z     1001da3d f i Editor.obj
 0001:0001ca3d       ?IsASpaceOrTab@@YA_NI@Z    1001da3d f i LexCPP.obj
 0001:0001df1b       ?IsCssOperator@@YA_NH@Z    1001ef1b f i LexCSS.obj
 0001:00020ea7       ?IsABlank@@YA_NI@Z         10021ea7 f i LexFortran.obj
 0001:00020ec1       ?IsALineEnd@@YA_ND@Z       10021ec1 f i LexFortran.obj
 0001:00020ec1       ?IsLineEndChar@@YA_ND@Z    10021ec1 f i Document.obj
 0001:00020ed6       ?GetContinuedPos@@YAIIAAVAccessor@@@Z 10021ed6 f   LexFortran.obj
 0001:000223fa       ?isGCOperator@@YA_NH@Z     100233fa f i LexGui4Cli.obj
 0001:000229fa       ?Forward@StyleContext@@QAEXH@Z 100239fa f i LexHaskell.obj
 0001:00022d9a       ?IsOperator@@YA_NH@Z       10023d9a f i LexHTML.obj
 0001:000290b5       ?isMMIXALOperator@@YA_ND@Z 1002a0b5 f i LexMMIXAL.obj
 0001:00029411       ??0SString@@QAE@PBD@Z      1002a411 f i LexMPT.obj
 0001:0002a4ef       ?MatchIgnoreCase@@YA_NAAVAccessor@@HPBD@Z 1002b4ef f   LexMySQL.obj
 0001:0002bfe5       ?HandleString@@YA_NAAIIAAVAccessor@@@Z 1002cfe5 f i LexOpal.obj
 0001:0002c067       ?HandleCommentBlock@@YA_NAAIIAAVAccessor@@_N@Z 1002d067 f i LexOpal.obj
 0001:0002c122       ?HandleCommentLine@@YA_NAAIIAAVAccessor@@_N@Z 1002d122 f i LexOpal.obj
 0001:0002c1e1       ?HandlePar@@YA_NAAIAAVAccessor@@@Z 1002d1e1 f i LexOpal.obj
 0001:0002c207       ?HandleSpace@@YA_NAAIIAAVAccessor@@@Z 1002d207 f i LexOpal.obj
 0001:0002c263       ?HandleInteger@@YA_NAAIIAAVAccessor@@@Z 1002d263 f i LexOpal.obj
 0001:0002c2be       ?HandleWord@@YA_NAAIIAAVAccessor@@QAPAVWordList@@@Z 1002d2be f i LexOpal.obj
 0001:0002c407       ?HandleSkip@@YA_NAAIIAAVAccessor@@@Z 1002d407 f i LexOpal.obj
 0001:0002f486       ?MatchUpperCase@@YA_NAAVAccessor@@HPBD@Z 10030486 f   LexPB.obj
 0001:0002fd47       ??0HereDocCls@?1??ColourisePerlDoc@@YAXIHHQAPAVWordList@@AAVAccessor@@@Z@QAE@XZ 10030d47 f   LexPerl.obj
 0001:0002fd6d       ?Append@HereDocCls@?1??ColouriseBashDoc@@YAXIHHQAPAVWordList@@AAVAccessor@@@Z@QAEXH@Z 10030d6d f   LexBash.obj
 0001:0002fd6d       ?Append@HereDocCls@?1??ColourisePerlDoc@@YAXIHHQAPAVWordList@@AAVAccessor@@@Z@QAEXH@Z 10030d6d f   LexPerl.obj
 0001:0002fd8c       ?New@QuoteCls@?2??ColourisePerlDoc@@YAXIHHQAPAVWordList@@AAVAccessor@@@Z@QAEXH@Z 10030d8c f   LexPerl.obj
 0001:0002fda0       ?Open@QuoteCls@?2??ColourisePerlDoc@@YAXIHHQAPAVWordList@@AAVAccessor@@@Z@QAEXH@Z 10030da0 f   LexPerl.obj
 0001:0003018e       ??0QuoteCls@?2??ColourisePerlDoc@@YAXIHHQAPAVWordList@@AAVAccessor@@@Z@QAE@XZ 1003118e f   LexPerl.obj
 0001:00035f81       ??4QuoteCls@@QAEAAV0@ABV0@@Z 10036f81 f i LexRuby.obj
 0001:000365ed       ??0HereDocCls@?1??ColouriseRbDoc@@YAXIHHQAPAVWordList@@AAVAccessor@@@Z@QAE@XZ 100375ed f   LexRuby.obj
 0001:000390ad       ?issmld@@YAHH@Z            1003a0ad f i LexSML.obj
 0001:000390c7       ?ColouriseSMLDoc@@YAXIHHQAPAVWordList@@AAVAccessor@@@Z 1003a0c7 f   LexSML.obj
 0001:00039602       ?FoldCamlDoc@@YAXIHHQAPAVWordList@@AAVAccessor@@@Z 1003a602 f   LexCaml.obj
 0001:00039602       ?FoldSMLDoc@@YAXIHHQAPAVWordList@@AAVAccessor@@@Z 1003a602 f   LexSML.obj
 0001:0003a9c8       ?isTACLoperator@@YA_ND@Z   1003b9c8 f i LexTACL.obj
 0001:0003a9e4       ?isTACLwordchar@@YA_ND@Z   1003b9e4 f i LexTACL.obj
 0001:0003aa0a       ?isTACLwordstart@@YA_ND@Z  1003ba0a f i LexTACL.obj
 0001:0003c44d       ?isTALoperator@@YA_ND@Z    1003d44d f i LexTAL.obj
 0001:0003c46f       ?isTALwordchar@@YA_ND@Z    1003d46f f i LexTAL.obj
 0001:0003c48d       ?isTALwordstart@@YA_ND@Z   1003d48d f i LexTAL.obj
 0001:000402b1       ?RefreshColourPalette@LineMarker@@QAEXAAVPalette@@_N@Z 100412b1 f   LineMarker.obj
 0001:000402e7       ?SetXPM@LineMarker@@QAEXPBD@Z 100412e7 f   LineMarker.obj
 0001:00040475       ?Draw@LineMarker@@QAEXPAVSurface@@AAVPRectangle@@AAVFont@@@Z 10041475 f   LineMarker.obj
 0001:00040c71       ??0MarkerHandleSet@@QAE@XZ 10041c71 f   PerLine.obj
 0001:00040c71       ??0Menu@@QAE@XZ            10041c71 f   PlatWin.obj
 0001:00040c77       ??1MarkerHandleSet@@QAE@XZ 10041c77 f   PerLine.obj
 0001:00040c94       ?Length@MarkerHandleSet@@QBEHXZ 10041c94 f   PerLine.obj
 0001:00040ca3       ?MarkValue@MarkerHandleSet@@QBEHXZ 10041ca3 f   PerLine.obj
 0001:00040cbf       ?Contains@MarkerHandleSet@@QBE_NH@Z 10041cbf f   PerLine.obj
 0001:00040cdb       ?InsertHandle@MarkerHandleSet@@QAE_NHH@Z 10041cdb f   PerLine.obj
 0001:00040d08       ?RemoveHandle@MarkerHandleSet@@QAEXH@Z 10041d08 f   PerLine.obj
 0001:00040d2d       ?RemoveNumber@MarkerHandleSet@@QAE_NH@Z 10041d2d f   PerLine.obj
 0001:00040d5e       ?CombineWith@MarkerHandleSet@@QAEXPAV1@@Z 10041d5e f   PerLine.obj
 0001:00040dc1       ??A?$SplitVector@PAD@@QBEAAPADH@Z 10041dc1 f i PerLine.obj
 0001:00040dc1       ??A?$SplitVector@PAVMarkerHandleSet@@@@QBEAAPAVMarkerHandleSet@@H@Z 10041dc1 f i PerLine.obj
 0001:00040dc1       ??A?$SplitVector@H@@QBEAAHH@Z 10041dc1 f i PerLine.obj
 0001:00040dde       ?DeleteRange@?$SplitVector@H@@QAEXHH@Z 10041dde f i CellBuffer.obj
 0001:00040dde       ?DeleteRange@?$SplitVector@PAD@@QAEXHH@Z 10041dde f i PerLine.obj
 0001:00040dde       ?DeleteRange@?$SplitVector@PAVMarkerHandleSet@@@@QAEXHH@Z 10041dde f i PerLine.obj
 0001:00040e3a       ?ReAllocate@?$SplitVector@H@@QAEXH@Z 10041e3a f i CellBuffer.obj
 0001:00040e3a       ?ReAllocate@?$SplitVector@PAVMarkerHandleSet@@@@QAEXH@Z 10041e3a f i PerLine.obj
 0001:00040e3a       ?ReAllocate@?$SplitVector@PAD@@QAEXH@Z 10041e3a f i PerLine.obj
 0001:00040ea0       ?LineFromHandle@LineMarkers@@QAEHH@Z 10041ea0 f   PerLine.obj
 0001:00040ee9       ?MergeMarkers@LineMarkers@@QAEXH@Z 10041ee9 f   PerLine.obj
 0001:00040f87       ?MarkValue@LineMarkers@@QAEHH@Z 10041f87 f   PerLine.obj
 0001:00040fc4       ?DeleteMark@LineMarkers@@QAEXHH_N@Z 10041fc4 f   PerLine.obj
 0001:0004106f       ?DeleteMarkFromHandle@LineMarkers@@QAEXH@Z 1004206f f   PerLine.obj
 0001:000410d9       ??1LineLevels@@UAE@XZ      100420d9 f   PerLine.obj
 0001:0004110d       ?GetLevel@LineLevels@@QAEHH@Z 1004210d f   PerLine.obj
 0001:00041135       ??1LineState@@UAE@XZ       10042135 f   PerLine.obj
 0001:00041169       ?GetMaxLineState@LineState@@QAEHXZ 10042169 f   PerLine.obj
 0001:0004116d       ?MultipleStyles@LineAnnotation@@QBE_NH@Z 1004216d f   PerLine.obj
 0001:000411ad       ?Style@LineAnnotation@@QAEHH@Z 100421ad f   PerLine.obj
 0001:000411e4       ?Text@LineAnnotation@@QBEPBDH@Z 100421e4 f   PerLine.obj
 0001:0004121b       ?Length@LineAnnotation@@QBEHH@Z 1004221b f   PerLine.obj
 0001:00041252       ?Lines@LineAnnotation@@QBEHH@Z 10042252 f   PerLine.obj
 0001:0004128a       ?Delete@?$SplitVector@PAD@@QAEXH@Z 1004228a f i PerLine.obj
 0001:0004128a       ?Delete@?$SplitVector@H@@QAEXH@Z 1004228a f i CellBuffer.obj
 0001:0004128a       ?Delete@?$SplitVector@PAVMarkerHandleSet@@@@QAEXH@Z 1004228a f i PerLine.obj
 0001:000412a2       ?RoomFor@?$SplitVector@PAD@@IAEXH@Z 100422a2 f i PerLine.obj
 0001:000412a2       ?RoomFor@?$SplitVector@H@@IAEXH@Z 100422a2 f i CellBuffer.obj
 0001:000412a2       ?RoomFor@?$SplitVector@PAVMarkerHandleSet@@@@IAEXH@Z 100422a2 f i PerLine.obj
 0001:000412d4       ?InsertValue@?$SplitVector@H@@QAEXHHH@Z 100422d4 f i PerLine.obj
 0001:000412d4       ?InsertValue@?$SplitVector@PAD@@QAEXHHPAD@Z 100422d4 f i PerLine.obj
 0001:000412d4       ?InsertValue@?$SplitVector@PAVMarkerHandleSet@@@@QAEXHHPAVMarkerHandleSet@@@Z 100422d4 f i PerLine.obj
 0001:00041324       ?Init@LineMarkers@@UAEXXZ  10042324 f   PerLine.obj
 0001:00041373       ?RemoveLine@LineMarkers@@UAEXH@Z 10042373 f   PerLine.obj
 0001:0004139c       ?RemoveLine@LineLevels@@UAEXH@Z 1004239c f   PerLine.obj
 0001:000413f6       ?Init@LineLevels@@UAEXXZ   100423f6 f   PerLine.obj
 0001:000413f6       ?Init@LineState@@UAEXXZ    100423f6 f   PerLine.obj
 0001:000413f6       ?ClearLevels@LineLevels@@QAEXXZ 100423f6 f   PerLine.obj
 0001:00041404       ?RemoveLine@LineState@@UAEXH@Z 10042404 f   PerLine.obj
 0001:00041419       ?RemoveLine@LineAnnotation@@UAEXH@Z 10042419 f   PerLine.obj
 0001:0004144a       ?Styles@LineAnnotation@@QBEPBEH@Z 1004244a f   PerLine.obj
 0001:0004149c       ?ClearAll@LineAnnotation@@QAEXXZ 1004249c f   PerLine.obj
 0001:000414dd       ?Insert@?$SplitVector@PAVMarkerHandleSet@@@@QAEXHPAVMarkerHandleSet@@@Z 100424dd f i PerLine.obj
 0001:000414dd       ?Insert@?$SplitVector@PAD@@QAEXHPAD@Z 100424dd f i PerLine.obj
 0001:000414dd       ?Insert@?$SplitVector@H@@QAEXHH@Z 100424dd f i CellBuffer.obj
 0001:00041517       ?EnsureLength@?$SplitVector@PAD@@QAEXH@Z 10042517 f i PerLine.obj
 0001:00041517       ?EnsureLength@?$SplitVector@H@@QAEXH@Z 10042517 f i PerLine.obj
 0001:00041531       ??1LineMarkers@@UAE@XZ     10042531 f   PerLine.obj
 0001:00041571       ?InsertLine@LineMarkers@@UAEXH@Z 10042571 f   PerLine.obj
 0001:00041571       ?InsertLine@LineAnnotation@@UAEXH@Z 10042571 f   PerLine.obj
 0001:00041588       ?AddMark@LineMarkers@@QAEHHHH@Z 10042588 f   PerLine.obj
 0001:0004160e       ?InsertLine@LineLevels@@UAEXH@Z 1004260e f   PerLine.obj
 0001:0004164e       ?ExpandLevels@LineLevels@@QAEXH@Z 1004264e f   PerLine.obj
 0001:00041669       ?SetLevel@LineLevels@@QAEHHHH@Z 10042669 f   PerLine.obj
 0001:000416b7       ?InsertLine@LineState@@UAEXH@Z 100426b7 f   PerLine.obj
 0001:000416dd       ?SetLineState@LineState@@QAEHHH@Z 100426dd f   PerLine.obj
 0001:00041712       ?GetLineState@LineState@@QAEHH@Z 10042712 f   PerLine.obj
 0001:00041735       ??1LineAnnotation@@UAE@XZ  10042735 f   PerLine.obj
 0001:00041775       ?Init@LineAnnotation@@UAEXXZ 10042775 f   PerLine.obj
 0001:0004177a       ?SetText@LineAnnotation@@QAEXHPBD@Z 1004277a f   PerLine.obj
 0001:0004186d       ?SetStyle@LineAnnotation@@QAEXHH@Z 1004286d f   PerLine.obj
 0001:000418be       ?SetStyles@LineAnnotation@@QAEXHPBE@Z 100428be f   PerLine.obj
 0001:0004199b       ??_ESurface@@UAEPAXI@Z     1004299b f i PlatWin.obj
 0001:0004199b       ??_GSurface@@UAEPAXI@Z     1004299b f i PlatWin.obj
 0001:000419b8       ??_EDynamicLibrary@@UAEPAXI@Z 100429b8 f i PlatWin.obj
 0001:000419b8       ??_GDynamicLibrary@@UAEPAXI@Z 100429b8 f i PlatWin.obj
 0001:000419e6       ?IsNT@@YA_NXZ              100429e6 f   PlatWin.obj
 0001:000419ec       ?FromLong@Point@@SA?AV1@J@Z 100429ec f   PlatWin.obj
 0001:00041a1f       ?Allocate@Palette@@QAEXAAVWindow@@@Z 10042a1f f   PlatWin.obj
 0001:00041b4b       ?SameAs@FontCached@@AAE_NPBDHH_N1@Z 10042b4b f   PlatWin.obj
 0001:00041ba8       ?Release@FontCached@@EAEXXZ 10042ba8 f   PlatWin.obj
 0001:00041bbf       ?ReleaseId@FontCached@@SAXPAX@Z 10042bbf f   PlatWin.obj
 0001:00041c15       ??0Font@@QAE@XZ            10042c15 f   PlatWin.obj
 0001:00041c22       ??1Font@@UAE@XZ            10042c22 f   PlatWin.obj
 0001:00041c29       ?Release@Font@@UAEXXZ      10042c29 f   PlatWin.obj
 0001:00041c40       ??0SurfaceImpl@@QAE@XZ     10042c40 f   PlatWin.obj
 0001:00041ca1       ?Release@SurfaceImpl@@UAEXXZ 10042ca1 f   PlatWin.obj
 0001:00041d3f       ?Initialised@SurfaceImpl@@UAE_NXZ 10042d3f f   PlatWin.obj
 0001:00041d48       ?Init@SurfaceImpl@@UAEXPAX@Z 10042d48 f   PlatWin.obj
 0001:00041d6c       ?Init@SurfaceImpl@@UAEXPAX0@Z 10042d6c f   PlatWin.obj
 0001:00041d88       ?InitPixMap@SurfaceImpl@@UAEXHHPAVSurface@@PAX@Z 10042d88 f   PlatWin.obj
 0001:00041dd6       ?PenColour@SurfaceImpl@@UAEXVColourAllocated@@@Z 10042dd6 f   PlatWin.obj
 0001:00041e1e       ?BrushColor@SurfaceImpl@@AAEXVColourAllocated@@@Z 10042e1e f   PlatWin.obj
 0001:00041e6c       ?SetFont@SurfaceImpl@@AAEXAAVFont@@@Z 10042e6c f   PlatWin.obj
 0001:00041ea2       ?LogPixelsY@SurfaceImpl@@UAEHXZ 10042ea2 f   PlatWin.obj
 0001:00041eae       ?DeviceHeightFont@SurfaceImpl@@UAEHH@Z 10042eae f   PlatWin.obj
 0001:00041ec3       ?MoveTo@SurfaceImpl@@UAEXHH@Z 10042ec3 f   PlatWin.obj
 0001:00041ed9       ?LineTo@SurfaceImpl@@UAEXHH@Z 10042ed9 f   PlatWin.obj
 0001:00041eed       ?Polygon@SurfaceImpl@@UAEXPAVPoint@@HVColourAllocated@@1@Z 10042eed f   PlatWin.obj
 0001:00041f19       ?RectangleDraw@SurfaceImpl@@UAEXVPRectangle@@VColourAllocated@@1@Z 10042f19 f   PlatWin.obj
 0001:00041f4b       ?FillRectangle@SurfaceImpl@@UAEXVPRectangle@@VColourAllocated@@@Z 10042f4b f   PlatWin.obj
 0001:00041fa7       ?FillRectangle@SurfaceImpl@@UAEXVPRectangle@@AAVSurface@@@Z 10042fa7 f   PlatWin.obj
 0001:00042012       ?RoundedRectangle@SurfaceImpl@@UAEXVPRectangle@@VColourAllocated@@1@Z 10043012 f   PlatWin.obj
 0001:00042099       ?Ellipse@SurfaceImpl@@UAEXVPRectangle@@VColourAllocated@@1@Z 10043099 f   PlatWin.obj
 0001:000420cb       ?Copy@SurfaceImpl@@UAEXVPRectangle@@VPoint@@AAVSurface@@@Z 100430cb f   PlatWin.obj
 0001:00042100       ?WidthChar@SurfaceImpl@@UAEHAAVFont@@D@Z 10043100 f   PlatWin.obj
 0001:0004212b       ?Ascent@SurfaceImpl@@UAEHAAVFont@@@Z 1004312b f   PlatWin.obj
 0001:00042151       ?Descent@SurfaceImpl@@UAEHAAVFont@@@Z 10043151 f   PlatWin.obj
 0001:00042177       ?InternalLeading@SurfaceImpl@@UAEHAAVFont@@@Z 10043177 f   PlatWin.obj
 0001:0004219d       ?ExternalLeading@SurfaceImpl@@UAEHAAVFont@@@Z 1004319d f   PlatWin.obj
 0001:000421c3       ?Height@SurfaceImpl@@UAEHAAVFont@@@Z 100431c3 f   PlatWin.obj
 0001:000421e9       ?AverageCharWidth@SurfaceImpl@@UAEHAAVFont@@@Z 100431e9 f   PlatWin.obj
 0001:0004220f       ?SetPalette@SurfaceImpl@@UAEHPAVPalette@@_N@Z 1004320f f   PlatWin.obj
 0001:00042256       ?SetClip@SurfaceImpl@@UAEXVPRectangle@@@Z 10043256 f   PlatWin.obj
 0001:00042272       ?FlushCachedState@SurfaceImpl@@UAEXXZ 10043272 f   PlatWin.obj
 0001:0004227e       ?SetUnicodeMode@SurfaceImpl@@UAEX_N@Z 1004327e f   PlatWin.obj
 0001:00042288       ?SetDBCSMode@SurfaceImpl@@UAEXH@Z 10043288 f   PlatWin.obj
 0001:000422b4       ?Allocate@Surface@@SAPAV1@XZ 100432b4 f   PlatWin.obj
 0001:000422ca       ??1Window@@UAE@XZ          100432ca f   PlatWin.obj
 0001:000422d1       ?Destroy@Window@@QAEXXZ    100432d1 f   PlatWin.obj
 0001:000422e8       ?GetPosition@Window@@QAE?AVPRectangle@@XZ 100432e8 f   PlatWin.obj
 0001:00042319       ?SetPosition@Window@@QAEXVPRectangle@@@Z 10043319 f   PlatWin.obj
 0001:00042341       ?SetPositionRelative@Window@@QAEXVPRectangle@@V1@@Z 10043341 f   PlatWin.obj
 0001:000423cc       ?GetClientPosition@Window@@QAE?AVPRectangle@@XZ 100433cc f   PlatWin.obj
 0001:00042410       ?Show@Window@@QAEX_N@Z     10043410 f   PlatWin.obj
 0001:00042429       ?InvalidateAll@Window@@QAEXXZ 10043429 f   PlatWin.obj
 0001:00042437       ?InvalidateRectangle@Window@@QAEXVPRectangle@@@Z 10043437 f   PlatWin.obj
 0001:0004248d       ?SetFont@Window@@UAEXAAVFont@@@Z 1004348d f   PlatWin.obj
 0001:000424a5       ?SetCursor@Window@@QAEXW4Cursor@1@@Z 100434a5 f   PlatWin.obj
 0001:00042575       ?GetMonitorRect@Window@@QAE?AVPRectangle@@VPoint@@@Z 10043575 f   PlatWin.obj
 0001:00042589       ?Clear@LineToItem@@QAEXXZ  10043589 f i PlatWin.obj
 0001:000425a7       ?Get@LineToItem@@QBE?AUListItemData@@H@Z 100435a7 f i PlatWin.obj
 0001:000425df       ?AllocWord@LineToItem@@AAEPADPBD@Z 100435df f   PlatWin.obj
 0001:00042667       ?AllocItem@LineToItem@@QAEPAUListItemData@@XZ 10043667 f   PlatWin.obj
 0001:000426cb       ?Append@LineToItem@@QAEPAUListItemData@@PBDH@Z 100436cb f   PlatWin.obj
 0001:000426f1       ??0ListBox@@QAE@XZ         100436f1 f   PlatWin.obj
 0001:00042702       ??1ListBox@@UAE@XZ         10043702 f   PlatWin.obj
 0001:0004270d       ?Create@ListBoxX@@UAEXAAVWindow@@HVPoint@@H_N@Z 1004370d f   PlatWin.obj
 0001:0004278a       ?SetFont@ListBoxX@@UAEXAAVFont@@@Z 1004378a f   PlatWin.obj
 0001:000427f0       ?SetAverageCharWidth@ListBoxX@@UAEXH@Z 100437f0 f   PlatWin.obj
 0001:000427fa       ?SetVisibleRows@ListBoxX@@UAEXH@Z 100437fa f   PlatWin.obj
 0001:00042804       ?GetVisibleRows@ListBoxX@@UBEHXZ 10043804 f   PlatWin.obj
 0001:00042808       ?GetHWND@ListBoxX@@ABEPAUHWND__@@XZ 10043808 f   PlatWin.obj
 0001:0004280c       ?TextOffset@ListBoxX@@ABEHXZ 1004380c f   PlatWin.obj
 0001:0004282b       ?Clear@ListBoxX@@UAEXXZ    1004382b f   PlatWin.obj
 0001:00042851       ?Append@ListBoxX@@UAEXPADH@Z 10043851 f   PlatWin.obj
 0001:0004289b       ?Length@ListBoxX@@UAEHXZ   1004389b f   PlatWin.obj
 0001:0004289f       ?GetSelection@ListBoxX@@UAEHXZ 1004389f f   PlatWin.obj
 0001:000428b2       ?Find@ListBoxX@@UAEHPBD@Z  100438b2 f   PlatWin.obj
 0001:000428b8       ?GetValue@ListBoxX@@UAEXHPADH@Z 100438b8 f   PlatWin.obj
 0001:000428ec       ?RegisterImage@ListBoxX@@UAEXHPBD@Z 100438ec f   PlatWin.obj
 0001:000428f4       ?ClearRegisteredImages@ListBoxX@@UAEXXZ 100438f4 f   PlatWin.obj
 0001:000428fc       ?AppendListItem@ListBoxX@@AAEXPBD0@Z 100438fc f   PlatWin.obj
 0001:00042951       ?AdjustWindowRect@ListBoxX@@ABEXPAVPRectangle@@@Z 10043951 f   PlatWin.obj
 0001:0004296a       ?ItemHeight@ListBoxX@@ABEHXZ 1004396a f   PlatWin.obj
 0001:00042992       ?MinClientWidth@ListBoxX@@ABEHXZ 10043992 f   PlatWin.obj
 0001:000429a6       ?MinTrackSize@ListBoxX@@ABE?AVPoint@@XZ 100439a6 f   PlatWin.obj
 0001:000429f1       ?MaxTrackSize@ListBoxX@@ABE?AVPoint@@XZ 100439f1 f   PlatWin.obj
 0001:00042a61       ?SetRedraw@ListBoxX@@AAEX_N@Z 10043a61 f   PlatWin.obj
 0001:00042a8f       ?StartResize@ListBoxX@@AAEXI@Z 10043a8f f   PlatWin.obj
 0001:00042b33       ?NcHitTest@ListBoxX@@ABEHIJ@Z 10043b33 f   PlatWin.obj
 0001:00042bf0       ?OnDoubleClick@ListBoxX@@AAEXXZ 10043bf0 f   PlatWin.obj
 0001:00042bfe       ?GetClientExtent@ListBoxX@@ABE?AVPoint@@XZ 10043bfe f   PlatWin.obj
 0001:00042c25       ?CentreItem@ListBoxX@@AAEXH@Z 10043c25 f   PlatWin.obj
 0001:00042c98       ?Paint@ListBoxX@@AAEXPAUHDC__@@@Z 10043c98 f   PlatWin.obj
 0001:00042d4f       ?ControlWndProc@ListBoxX@@CGJPAUHWND__@@IIJ@Z 10043d4f f   PlatWin.obj
 0001:00042e69       ?ListBoxX_Unregister@@YA_NXZ 10043e69 f   PlatWin.obj
 0001:00042e81       ?Destroy@Menu@@QAEXXZ      10043e81 f   PlatWin.obj
 0001:00042e96       ?Show@Menu@@QAEXVPoint@@AAVWindow@@@Z 10043e96 f   PlatWin.obj
 0001:00042ec4       ?Chrome@Platform@@SA?AVColourDesired@@XZ 10043ec4 f   PlatWin.obj
 0001:00042ed5       ?ChromeHighlight@Platform@@SA?AVColourDesired@@XZ 10043ed5 f   PlatWin.obj
 0001:00042ee6       ?DefaultFont@Platform@@SAPBDXZ 10043ee6 f   PlatWin.obj
 0001:00042eec       ?DefaultFontSize@Platform@@SAHXZ 10043eec f   PlatWin.obj
 0001:00042ef0       ?DoubleClickTime@Platform@@SAIXZ 10043ef0 f   PlatWin.obj
 0001:00042ef6       ?MouseButtonBounce@Platform@@SA_NXZ 10043ef6 f   PlatWin.obj
 0001:00042ef9       ?IsKeyDown@Platform@@SA_NH@Z 10043ef9 f   PlatWin.obj
 0001:00042f0a       ?IsDBCSLeadByte@Platform@@SA_NHD@Z 10043f0a f   PlatWin.obj
 0001:00042f1f       ?DBCSCharLength@Platform@@SAHHPBD@Z 10043f1f f   PlatWin.obj
 0001:00042f3c       ?DBCSCharMaxLength@Platform@@SAHXZ 10043f3c f   PlatWin.obj
 0001:00042f40       ?Minimum@Platform@@SAHHH@Z 10043f40 f   PlatWin.obj
 0001:00042f4f       ?Maximum@Platform@@SAHHH@Z 10043f4f f   PlatWin.obj
 0001:00042f5e       ?ShowAssertionPopUps@Platform@@SA_N_N@Z 10043f5e f   PlatWin.obj
 0001:00042f6e       ?Clamp@Platform@@SAHHHH@Z  10043f6e f   PlatWin.obj
 0001:00042f86       ?Platform_Finalise@@YAXXZ  10043f86 f   PlatWin.obj
 0001:00042f97       ??0?$VarBuffer@_W$0CHBA@@@QAE@I@Z 10043f97 f i PlatWin.obj
 0001:00042fd5       ??1?$VarBuffer@_W$0CHBA@@@QAE@XZ 10043fd5 f i PlatWin.obj
 0001:00042fee       ??0?$VarBuffer@H$0CHBA@@@QAE@I@Z 10043fee f i PlatWin.obj
 0001:0004302c       ??1?$VarBuffer@H$0CHBA@@@QAE@XZ 1004402c f i PlatWin.obj
 0001:00043045       ??_GFont@@UAEPAXI@Z        10044045 f i PlatWin.obj
 0001:00043045       ??_EFont@@UAEPAXI@Z        10044045 f i PlatWin.obj
 0001:00043061       ?Release@Palette@@QAEXXZ   10044061 f   PlatWin.obj
 0001:000430bd       ?WantFind@Palette@@QAEXAAUColourPair@@_N@Z 100440bd f   PlatWin.obj
 0001:000431b0       ??0FontCached@@AAE@PBDHH_N1@Z 100441b0 f   PlatWin.obj
 0001:00043219       ??_EFontCached@@EAEPAXI@Z  10044219 f i PlatWin.obj
 0001:00043219       ??_GFontCached@@EAEPAXI@Z  10044219 f i PlatWin.obj
 0001:0004323b       ?FindOrCreate@FontCached@@SAPAXPBDHH_N1@Z 1004423b f   PlatWin.obj
 0001:000432f5       ?Create@Font@@UAEXPBDHH_N11@Z 100442f5 f   PlatWin.obj
 0001:0004331f       ??1SurfaceImpl@@UAE@XZ     1004431f f   PlatWin.obj
 0001:00043335       ?AlphaRectangle@SurfaceImpl@@UAEXVPRectangle@@HVColourAllocated@@H1HH@Z 10044335 f   PlatWin.obj
 0001:000435bc       ??0TextWide@@QAE@PBDH_NH@Z 100445bc f i PlatWin.obj
 0001:0004360f       ??1TextWide@@QAE@XZ        1004460f f i PlatWin.obj
 0001:00043614       ?WidthText@SurfaceImpl@@UAEHAAVFont@@PBDH@Z 10044614 f   PlatWin.obj
 0001:000436cf       ?MeasureWidths@SurfaceImpl@@UAEXAAVFont@@PBDHPAH@Z 100446cf f   PlatWin.obj
 0001:00043a07       ??_GListBox@@UAEPAXI@Z     10044a07 f i PlatWin.obj
 0001:00043a07       ??_EListBox@@UAEPAXI@Z     10044a07 f i PlatWin.obj
 0001:00043a23       ??0ListBoxX@@QAE@XZ        10044a23 f i PlatWin.obj
 0001:00043ac2       ?SetDoubleClickAction@ListBoxX@@UAEXP6AXPAX@Z0@Z 10044ac2 f i PlatWin.obj
 0001:00043ad3       ??1ListBoxX@@UAE@XZ        10044ad3 f i PlatWin.obj
 0001:00043b24       ??_GListBoxX@@UAEPAXI@Z    10044b24 f i PlatWin.obj
 0001:00043b24       ??_EListBoxX@@UAEPAXI@Z    10044b24 f i PlatWin.obj
 0001:00043b40       ?Allocate@ListBox@@SAPAV1@XZ 10044b40 f   PlatWin.obj
 0001:00043b70       ?GetDesiredRect@ListBoxX@@UAE?AVPRectangle@@XZ 10044b70 f   PlatWin.obj
 0001:00043cf2       ?CaretFromEdge@ListBoxX@@UAEHXZ 10044cf2 f   PlatWin.obj
 0001:00043d29       ?Select@ListBoxX@@UAEXH@Z  10044d29 f   PlatWin.obj
 0001:00043d5f       ?Draw@ListBoxX@@QAEXPAUtagDRAWITEMSTRUCT@@@Z 10044d5f f   PlatWin.obj
 0001:00043f6f       ?SetList@ListBoxX@@UAEXPBDDD@Z 10044f6f f   PlatWin.obj
 0001:00044051       ?ResizeToCursor@ListBoxX@@AAEXXZ 10045051 f   PlatWin.obj
 0001:000441a1       ?WndProc@ListBoxX@@QAEJPAUHWND__@@IIJ@Z 100451a1 f   PlatWin.obj
 0001:000443e5       ?StaticWndProc@ListBoxX@@SGJPAUHWND__@@IIJ@Z 100453e5 f   PlatWin.obj
 0001:0004448e       ?CreatePopUp@Menu@@QAEXXZ  1004548e f   PlatWin.obj
 0001:000444a0       ??0DynamicLibraryImpl@@QAE@PBD@Z 100454a0 f i PlatWin.obj
 0001:000444bc       ??1DynamicLibraryImpl@@UAE@XZ 100454bc f i PlatWin.obj
 0001:000444db       ?FindFunction@DynamicLibraryImpl@@UAEPAXPBD@Z 100454db f i PlatWin.obj
 0001:000444f4       ?IsValid@DynamicLibraryImpl@@UAE_NXZ 100454f4 f i PlatWin.obj
 0001:000444fd       ??_GDynamicLibraryImpl@@UAEPAXI@Z 100454fd f i PlatWin.obj
 0001:000444fd       ??_EDynamicLibraryImpl@@UAEPAXI@Z 100454fd f i PlatWin.obj
 0001:00044519       ?Load@DynamicLibrary@@SAPAV1@PBD@Z 10045519 f   PlatWin.obj
 0001:00044534       ?Platform_Initialise@@YAXPAX@Z 10045534 f   PlatWin.obj
 0001:000445dd       ??0Palette@@QAE@XZ         100455dd f   PlatWin.obj
 0001:0004462b       ??1Palette@@QAE@XZ         1004562b f   PlatWin.obj
 0001:00044642       ??_ESurfaceImpl@@UAEPAXI@Z 10045642 f i PlatWin.obj
 0001:00044642       ??_GSurfaceImpl@@UAEPAXI@Z 10045642 f i PlatWin.obj
 0001:0004465e       ?DrawTextCommon@SurfaceImpl@@QAEXVPRectangle@@AAVFont@@HPBDHI@Z 1004565e f   PlatWin.obj
 0001:0004489b       ?DrawTextNoClip@SurfaceImpl@@UAEXVPRectangle@@AAVFont@@HPBDHVColourAllocated@@3@Z 1004589b f   PlatWin.obj
 0001:000448e3       ?DrawTextClipped@SurfaceImpl@@UAEXVPRectangle@@AAVFont@@HPBDHVColourAllocated@@3@Z 100458e3 f   PlatWin.obj
 0001:0004492b       ?DrawTextTransparent@SurfaceImpl@@UAEXVPRectangle@@AAVFont@@HPBDHVColourAllocated@@@Z 1004592b f   PlatWin.obj
 0001:00044993       ?ContainsCharacter@Range@@QBE_NH@Z 10045993 f i PositionCache.obj
 0001:000449be       ?Free@LineLayout@@QAEXXZ   100459be f   PositionCache.obj
 0001:00044a01       ?Invalidate@LineLayout@@QAEXW4validLevel@1@@Z 10045a01 f   PositionCache.obj
 0001:00044a10       ?LineStart@LineLayout@@QBEHH@Z 10045a10 f   PositionCache.obj
 0001:00044a33       ?LineLastVisible@LineLayout@@QBEHH@Z 10045a33 f   PositionCache.obj
 0001:00044a81       ?InLine@LineLayout@@QBE_NHH@Z 10045a81 f   PositionCache.obj
 0001:00044abb       ?SetLineStart@LineLayout@@QAEXHH@Z 10045abb f   PositionCache.obj
 0001:00044b2f       ?SetBracesHighlight@LineLayout@@QAEXVRange@@QAHDH@Z 10045b2f f   PositionCache.obj
 0001:00044bae       ?RestoreBracesHighlight@LineLayout@@QAEXVRange@@QAH@Z 10045bae f   PositionCache.obj
 0001:00044c05       ?FindBefore@LineLayout@@QBEHHHH@Z 10045c05 f   PositionCache.obj
 0001:00044c36       ?Allocate@LineLayoutCache@@AAEXH@Z 10045c36 f   PositionCache.obj
 0001:00044c93       ?Deallocate@LineLayoutCache@@QAEXXZ 10045c93 f   PositionCache.obj
 0001:00044ccc       ?Invalidate@LineLayoutCache@@QAEXW4validLevel@LineLayout@@@Z 10045ccc f   PositionCache.obj
 0001:00044d0d       ?SetLevel@LineLayoutCache@@QAEXH@Z 10045d0d f   PositionCache.obj
 0001:00044d2a       ?Dispose@LineLayoutCache@@QAEXPAVLineLayout@@@Z 10045d2a f   PositionCache.obj
 0001:00044d4c       ?Insert@BreakFinder@@AAEXH@Z 10045d4c f   PositionCache.obj
[...]
 0001:0005e1c1       __unwindfunclet$??0ScintillaBase@@IAE@XZ$0 1005f1c1 f   ScintillaBase.obj
 0001:0005e1c9       __unwindfunclet$??0ScintillaBase@@IAE@XZ$1 1005f1c9 f   ScintillaBase.obj
 0001:0005e1d7       __unwindfunclet$??0ScintillaBase@@IAE@XZ$2 1005f1d7 f   ScintillaBase.obj
 0001:0005e1e5       __unwindfunclet$??0ScintillaBase@@IAE@XZ$3 1005f1e5 f   ScintillaBase.obj
 0001:0005e1f3       __unwindfunclet$??0ScintillaBase@@IAE@XZ$4 1005f1f3 f   ScintillaBase.obj
 0001:0005e201       __ehhandler$??0ScintillaBase@@IAE@XZ 1005f201 f   ScintillaBase.obj
 0001:0005e21c       __unwindfunclet$?AutoCompleteCompleted@ScintillaBase@@IAEXXZ$0 1005f21c f   ScintillaBase.obj
 0001:0005e224       __ehhandler$?AutoCompleteCompleted@ScintillaBase@@IAEXXZ 1005f224 f   ScintillaBase.obj
 0001:0005e24c       __unwindfunclet$?Colourise@ScintillaBase@@IAEXHH@Z$0 1005f24c f   ScintillaBase.obj
 0001:0005e257       __ehhandler$?Colourise@ScintillaBase@@IAEXHH@Z 1005f257 f   ScintillaBase.obj
 0001:0005e27f       __unwindfunclet$??1ScintillaBase@@MAE@XZ$0 1005f27f f   ScintillaBase.obj
 0001:0005e287       __unwindfunclet$??1ScintillaBase@@MAE@XZ$1 1005f287 f   ScintillaBase.obj
 0001:0005e295       __unwindfunclet$??1ScintillaBase@@MAE@XZ$2 1005f295 f   ScintillaBase.obj
 0001:0005e2a3       __unwindfunclet$??1ScintillaBase@@MAE@XZ$3 1005f2a3 f   ScintillaBase.obj
 0001:0005e2b1       __unwindfunclet$??1ScintillaBase@@MAE@XZ$4 1005f2b1 f   ScintillaBase.obj
 0001:0005e2bf       __ehhandler$??1ScintillaBase@@MAE@XZ 1005f2bf f   ScintillaBase.obj
 0001:0005e2da       __unwindfunclet$?ImeStartComposition@ScintillaWin@@AAEXXZ$0 1005f2da f   ScintillaWin.obj
 0001:0005e2e2       __ehhandler$?ImeStartComposition@ScintillaWin@@AAEXXZ 1005f2e2 f   ScintillaWin.obj
 0001:0005e307       __unwindfunclet$?RealizeWindowPalette@ScintillaWin@@AAEX_N@Z$0 1005f307 f   ScintillaWin.obj
 0001:0005e30f       __ehhandler$?RealizeWindowPalette@ScintillaWin@@AAEX_N@Z 1005f30f f   ScintillaWin.obj
 0001:0005e32a       __unwindfunclet$?FullPaintDC@ScintillaWin@@AAEXPAUHDC__@@@Z$0 1005f32a f   ScintillaWin.obj
 0001:0005e332       __ehhandler$?FullPaintDC@ScintillaWin@@AAEXPAUHDC__@@@Z 1005f332 f   ScintillaWin.obj
 0001:0005e34d       __ehhandler$?DragOver@ScintillaWin@@QAGJKU_POINTL@@PAK@Z 1005f34d f   ScintillaWin.obj
 0001:0005e368       __ehhandler$?DragLeave@ScintillaWin@@QAGJXZ 1005f368 f   ScintillaWin.obj
 0001:0005e383       __ehhandler$?Drop@ScintillaWin@@QAGJPAUIDataObject@@KU_POINTL@@PAK@Z 1005f383 f   ScintillaWin.obj
 0001:0005e39e       __ehhandler$?CTWndProc@ScintillaWin@@CGJPAUHWND__@@IIJ@Z 1005f39e f   ScintillaWin.obj
 0001:0005e3c3       __ehhandler$?FormatEnumerator_Clone@@YGJPAVFormatEnumerator@@PAPAUIEnumFORMATETC@@@Z 1005f3c3 f   ScintillaWin.obj
 0001:0005e3de       __ehhandler$?DataObject_EnumFormatEtc@@YGJPAVDataObject@@KPAPAUIEnumFORMATETC@@@Z 1005f3de f   ScintillaWin.obj
 0001:0005e3f9       __ehhandler$?DropTarget_DragEnter@@YGJPAVDropTarget@@PAUIDataObject@@KU_POINTL@@PAK@Z 1005f3f9 f   ScintillaWin.obj
 0001:0005e414       __ehhandler$?DropTarget_DragOver@@YGJPAVDropTarget@@KU_POINTL@@PAK@Z 1005f414 f   ScintillaWin.obj
 0001:0005e42f       __ehhandler$?DropTarget_DragLeave@@YGJPAVDropTarget@@@Z 1005f42f f   ScintillaWin.obj
 0001:0005e44a       __ehhandler$?DropTarget_Drop@@YGJPAVDropTarget@@PAUIDataObject@@KU_POINTL@@PAK@Z 1005f44a f   ScintillaWin.obj
 0001:0005e465       __unwindfunclet$?SWndProc@ScintillaWin@@CGJPAUHWND__@@IIJ@Z$4 1005f465 f   ScintillaWin.obj
 0001:0005e46f       __ehhandler$?SWndProc@ScintillaWin@@CGJPAUHWND__@@IIJ@Z 1005f46f f   ScintillaWin.obj
 0001:0005e48a       __unwindfunclet$?WndPaint@ScintillaWin@@AAEJK@Z$0 1005f48a f   ScintillaWin.obj
 0001:0005e492       __ehhandler$?WndPaint@ScintillaWin@@AAEJK@Z 1005f492 f   ScintillaWin.obj
 0001:0005e4b7       __ehhandler$?WndProc@ScintillaWin@@UAEJIKJ@Z 1005f4b7 f   ScintillaWin.obj
 0001:0005e4dc       __unwindfunclet$?Copy@ScintillaWin@@EAEXXZ$0 1005f4dc f   ScintillaWin.obj
 0001:0005e4e4       __ehhandler$?Copy@ScintillaWin@@EAEXXZ 1005f4e4 f   ScintillaWin.obj
 0001:0005e4ff       __unwindfunclet$?CopyAllowLine@ScintillaWin@@EAEXXZ$0 1005f4ff f   ScintillaWin.obj
 0001:0005e507       __ehhandler$?CopyAllowLine@ScintillaWin@@EAEXXZ 1005f507 f   ScintillaWin.obj
 0001:0005e522       __unwindfunclet$??1Style@@QAE@XZ$0 1005f522 f   Style.obj
 0001:0005e52d       __ehhandler$??1Style@@QAE@XZ 1005f52d f   Style.obj
 0001:0005e548       __unwindfunclet$??0Style@@QAE@XZ$0 1005f548 f   Style.obj
 0001:0005e553       __ehhandler$??0Style@@QAE@XZ 1005f553 f   Style.obj
 0001:0005e56e       __unwindfunclet$?AllocStyles@ViewStyle@@QAEXI@Z$0 1005f56e f   ViewStyle.obj
 0001:0005e578       __ehhandler$?AllocStyles@ViewStyle@@QAEXI@Z 1005f578 f   ViewStyle.obj
 0001:0005e593       __unwindfunclet$??1ViewStyle@@QAE@XZ$0 1005f593 f   ViewStyle.obj
 0001:0005e59b       __unwindfunclet$??1ViewStyle@@QAE@XZ$1 1005f59b f   ViewStyle.obj
 0001:0005e5b1       __ehhandler$??1ViewStyle@@QAE@XZ 1005f5b1 f   ViewStyle.obj
 0001:0005e5cc       __unwindfunclet$??0ViewStyle@@QAE@XZ$0 1005f5cc f   ViewStyle.obj
 0001:0005e5d4       __unwindfunclet$??0ViewStyle@@QAE@XZ$1 1005f5d4 f   ViewStyle.obj
 0001:0005e5ea       __ehhandler$??0ViewStyle@@QAE@XZ 1005f5ea f   ViewStyle.obj
 0001:0005e605       __unwindfunclet$??0ViewStyle@@QAE@ABV0@@Z$0 1005f605 f   ViewStyle.obj
 0001:0005e60d       __unwindfunclet$??0ViewStyle@@QAE@ABV0@@Z$1 1005f60d f   ViewStyle.obj
 0001:0005e623       __ehhandler$??0ViewStyle@@QAE@ABV0@@Z 1005f623 f   ViewStyle.obj
 0001:0005e63e       __unwindfunclet$?Add@XPMSet@@QAEXHPBD@Z$0 1005f63e f   XPM.obj
 0001:0005e648       __ehhandler$?Add@XPMSet@@QAEXHPBD@Z 1005f648 f   XPM.obj
 0001:0005e663       __ehhandler$?CallUnexpected@@YAXPBU_s_ESTypeList@@@Z 1005f663 f   LIBCMT:frame.obj
 0001:0005e67e       ??__Eminder@@YAXXZ         1005f67e f   ExternalLexer.obj
 0001:0005e68a       ??__ElmAbaqus@@YAXXZ       1005f68a f   LexAbaqus.obj
 0001:0005e6b8       ??__ElmAda@@YAXXZ          1005f6b8 f   LexAda.obj
 0001:0005e6e3       ??__ElmAPDL@@YAXXZ         1005f6e3 f   LexAPDL.obj
 0001:0005e711       ??__ElmAsm@@YAXXZ          1005f711 f   LexAsm.obj
 0001:0005e73c       ??__ElmAns1@@YAXXZ         1005f73c f   LexAsn1.obj
 0001:0005e76a       ??__ElmASY@@YAXXZ          1005f76a f   LexASY.obj
 0001:0005e798       ??__ElmAU3@@YAXXZ          1005f798 f   LexAU3.obj
 0001:0005e7c6       ??__ElmAVE@@YAXXZ          1005f7c6 f   LexAVE.obj
 0001:0005e7f1       ??__ElmBaan@@YAXXZ         1005f7f1 f   LexBaan.obj
 0001:0005e81c       ??__ElmBash@@YAXXZ         1005f81c f   LexBash.obj
 0001:0005e84a       ??__ElmBlitzBasic@@YAXXZ   1005f84a f   LexBasic.obj
 0001:0005e878       ??__ElmPureBasic@@YAXXZ    1005f878 f   LexBasic.obj
 0001:0005e8a6       ??__ElmFreeBasic@@YAXXZ    1005f8a6 f   LexBasic.obj
 0001:0005e8d4       ??__ElmBullant@@YAXXZ      1005f8d4 f   LexBullant.obj
 0001:0005e8ff       ??__ElmCaml@@YAXXZ         1005f8ff f   LexCaml.obj
 0001:0005e92d       ??__ElmClw@@YAXXZ          1005f92d f   LexCLW.obj
 0001:0005e95b       ??__ElmClwNoCase@@YAXXZ    1005f95b f   LexCLW.obj
 0001:0005e989       ??__ElmCmake@@YAXXZ        1005f989 f   LexCmake.obj
 0001:0005e9b7       ??__ElmCOBOL@@YAXXZ        1005f9b7 f   LexCOBOL.obj
 0001:0005e9e5       ??__ElmConf@@YAXXZ         1005f9e5 f   LexConf.obj
 0001:0005ea10       ??__ElmCPP@@YAXXZ          1005fa10 f   LexCPP.obj
 0001:0005ea3e       ??__ElmCPPNoCase@@YAXXZ    1005fa3e f   LexCPP.obj
 0001:0005ea6c       ??__ElmNncrontab@@YAXXZ    1005fa6c f   LexCrontab.obj
 0001:0005ea97       ??__ElmCsound@@YAXXZ       1005fa97 f   LexCsound.obj
 0001:0005eac5       ??__ElmCss@@YAXXZ          1005fac5 f   LexCSS.obj
 0001:0005eaf3       ??__ElmD@@YAXXZ            1005faf3 f   LexD.obj
 0001:0005eb21       ??__ElmEiffel@@YAXXZ       1005fb21 f   LexEiffel.obj
 0001:0005eb4f       ??__ElmEiffelkw@@YAXXZ     1005fb4f f   LexEiffel.obj
 0001:0005eb7d       ??__ElmErlang@@YAXXZ       1005fb7d f   LexErlang.obj
 0001:0005ebab       ??__ElmESCRIPT@@YAXXZ      1005fbab f   LexEScript.obj
 0001:0005ebd9       ??__ElmFlagShip@@YAXXZ     1005fbd9 f   LexFlagship.obj
 0001:0005ec07       ??__ElmForth@@YAXXZ        1005fc07 f   LexForth.obj
 0001:0005ec35       ??__ElmFortran@@YAXXZ      1005fc35 f   LexFortran.obj
 0001:0005ec63       ??__ElmF77@@YAXXZ          1005fc63 f   LexFortran.obj
 0001:0005ec91       ??__ElmGAP@@YAXXZ          1005fc91 f   LexGAP.obj
 0001:0005ecbf       ??__ElmGui4Cli@@YAXXZ      1005fcbf f   LexGui4Cli.obj
 0001:0005eced       ??__ElmHaskell@@YAXXZ      1005fced f   LexHaskell.obj
 0001:0005ed15       ??__ElmHTML@@YAXXZ         1005fd15 f   LexHTML.obj
 0001:0005ed40       ??__ElmXML@@YAXXZ          1005fd40 f   LexHTML.obj
 0001:0005ed6b       ??__ElmPHPSCRIPT@@YAXXZ    1005fd6b f   LexHTML.obj
 0001:0005ed96       ??__ElmInno@@YAXXZ         1005fd96 f   LexInno.obj
 0001:0005edc4       ??__ElmKix@@YAXXZ          1005fdc4 f   LexKix.obj
 0001:0005edec       ??__ElmLISP@@YAXXZ         1005fdec f   LexLisp.obj
 0001:0005ee1a       ??__ElmLout@@YAXXZ         1005fe1a f   LexLout.obj
 0001:0005ee48       ??__ElmLua@@YAXXZ          1005fe48 f   LexLua.obj
 0001:0005ee76       ??__ElmMagikSF@@YAXXZ      1005fe76 f   LexMagik.obj
 0001:0005eea4       ??__ElmMatlab@@YAXXZ       1005fea4 f   LexMatlab.obj
 0001:0005eed2       ??__ElmOctave@@YAXXZ       1005fed2 f   LexMatlab.obj
 0001:0005ef00       ??__ElmMETAPOST@@YAXXZ     1005ff00 f   LexMetapost.obj
 0001:0005ef2e       ??__ElmMMIXAL@@YAXXZ       1005ff2e f   LexMMIXAL.obj
 0001:0005ef59       ??__ElmLot@@YAXXZ          1005ff59 f   LexMPT.obj
 0001:0005ef87       ??__ElmMSSQL@@YAXXZ        1005ff87 f   LexMSSQL.obj
 0001:0005efb5       ??__ElmMySQL@@YAXXZ        1005ffb5 f   LexMySQL.obj
 0001:0005efe3       ??__ElmNimrod@@YAXXZ       1005ffe3 f   LexNimrod.obj
 0001:0005f011       ??__ElmNsis@@YAXXZ         10060011 f   LexNsis.obj
 0001:0005f03f       ??__ElmOpal@@YAXXZ         1006003f f   LexOpal.obj
 0001:0005f06a       ??__ElmBatch@@YAXXZ        1006006a f   LexOthers.obj
 0001:0005f095       ??__ElmDiff@@YAXXZ         10060095 f   LexOthers.obj
 0001:0005f0c3       ??__ElmPo@@YAXXZ           100600c3 f   LexOthers.obj
 0001:0005f0ee       ??__ElmProps@@YAXXZ        100600ee f   LexOthers.obj
 0001:0005f11c       ??__ElmMake@@YAXXZ         1006011c f   LexOthers.obj
 0001:0005f147       ??__ElmErrorList@@YAXXZ    10060147 f   LexOthers.obj
 0001:0005f172       ??__ElmLatex@@YAXXZ        10060172 f   LexOthers.obj
 0001:0005f19d       ??__ElmNull@@YAXXZ         1006019d f   LexOthers.obj
 0001:0005f1c5       ??__ElmPascal@@YAXXZ       100601c5 f   LexPascal.obj
 0001:0005f1f3       ??__ElmPB@@YAXXZ           100601f3 f   LexPB.obj
 0001:0005f221       ??__ElmPerl@@YAXXZ         10060221 f   LexPerl.obj
 0001:0005f24f       ??__ElmPLM@@YAXXZ          1006024f f   LexPLM.obj
 0001:0005f27d       ??__ElmPOV@@YAXXZ          1006027d f   LexPOV.obj
 0001:0005f2ab       ??__ElmPowerPro@@YAXXZ     100602ab f   LexPowerPro.obj
 0001:0005f2d9       ??__ElmPowerShell@@YAXXZ   100602d9 f   LexPowerShell.obj
 0001:0005f307       ??__ElmProgress@@YAXXZ     10060307 f   LexProgress.obj
 0001:0005f335       ??__ElmPS@@YAXXZ           10060335 f   LexPS.obj
 0001:0005f363       ??__ElmPython@@YAXXZ       10060363 f   LexPython.obj
 0001:0005f391       ??__ElmR@@YAXXZ            10060391 f   LexR.obj
 0001:0005f3bf       ??__ElmREBOL@@YAXXZ        100603bf f   LexRebol.obj
 0001:0005f3ed       ??__ElmRuby@@YAXXZ         100603ed f   LexRuby.obj
 0001:0005f41b       ??__ElmScriptol@@YAXXZ     1006041b f   LexScriptol.obj
 0001:0005f446       ??__ElmSmalltalk@@YAXXZ    10060446 f   LexSmalltalk.obj
 0001:0005f471       ??__ElmSML@@YAXXZ          10060471 f   LexSML.obj
 0001:0005f49f       ??__ElmSorc@@YAXXZ         1006049f f   LexSorcus.obj
 0001:0005f4ca       ??__ElmSpecman@@YAXXZ      100604ca f   LexSpecman.obj
 0001:0005f4f8       ??__ElmSpice@@YAXXZ        100604f8 f   LexSpice.obj
 0001:0005f523       ??__ElmSQL@@YAXXZ          10060523 f   LexSQL.obj
 0001:0005f551       ??__ElmTACL@@YAXXZ         10060551 f   LexTACL.obj
 0001:0005f57f       ??__ElmTADS3@@YAXXZ        1006057f f   LexTADS3.obj
 0001:0005f5ad       ??__ElmTAL@@YAXXZ          100605ad f   LexTAL.obj
 0001:0005f5db       ??__ElmTCL@@YAXXZ          100605db f   LexTCL.obj
 0001:0005f606       ??__ElmTeX@@YAXXZ          10060606 f   LexTeX.obj
 0001:0005f634       ??__ElmVB@@YAXXZ           10060634 f   LexVB.obj
 0001:0005f662       ??__ElmVBScript@@YAXXZ     10060662 f   LexVB.obj
 0001:0005f690       ??__ElmVerilog@@YAXXZ      10060690 f   LexVerilog.obj
 0001:0005f6be       ??__ElmVHDL@@YAXXZ         100606be f   LexVHDL.obj
 0001:0005f6ec       ??__ElmYAML@@YAXXZ         100606ec f   LexYAML.obj
 0001:0005f71a       ??__Fminder@@YAXXZ         1006071a f   ExternalLexer.obj
 0001:0005f724       ??__FlmAbaqus@@YAXXZ       10060724 f   LexAbaqus.obj
 0001:0005f72f       ??__FlmAda@@YAXXZ          1006072f f   LexAda.obj
 0001:0005f73a       ??__FlmAPDL@@YAXXZ         1006073a f   LexAPDL.obj
 0001:0005f745       ??__FlmAsm@@YAXXZ          10060745 f   LexAsm.obj
 0001:0005f750       ??__FlmAns1@@YAXXZ         10060750 f   LexAsn1.obj
 0001:0005f75b       ??__FlmASY@@YAXXZ          1006075b f   LexASY.obj
 0001:0005f766       ??__FlmAU3@@YAXXZ          10060766 f   LexAU3.obj
 0001:0005f771       ??__FlmAVE@@YAXXZ          10060771 f   LexAVE.obj
 0001:0005f77c       ??__FlmBaan@@YAXXZ         1006077c f   LexBaan.obj
 0001:0005f787       ??__FlmBash@@YAXXZ         10060787 f   LexBash.obj
 0001:0005f792       ??__FlmBlitzBasic@@YAXXZ   10060792 f   LexBasic.obj
 0001:0005f79d       ??__FlmPureBasic@@YAXXZ    1006079d f   LexBasic.obj
 0001:0005f7a8       ??__FlmFreeBasic@@YAXXZ    100607a8 f   LexBasic.obj
 0001:0005f7b3       ??__FlmBullant@@YAXXZ      100607b3 f   LexBullant.obj
 0001:0005f7be       ??__FlmCaml@@YAXXZ         100607be f   LexCaml.obj
 0001:0005f7c9       ??__FlmClw@@YAXXZ          100607c9 f   LexCLW.obj
 0001:0005f7d4       ??__FlmClwNoCase@@YAXXZ    100607d4 f   LexCLW.obj
 0001:0005f7df       ??__FlmCmake@@YAXXZ        100607df f   LexCmake.obj
 0001:0005f7ea       ??__FlmCOBOL@@YAXXZ        100607ea f   LexCOBOL.obj
 0001:0005f7f5       ??__FlmConf@@YAXXZ         100607f5 f   LexConf.obj
 0001:0005f800       ??__FlmCPP@@YAXXZ          10060800 f   LexCPP.obj
 0001:0005f80b       ??__FlmCPPNoCase@@YAXXZ    1006080b f   LexCPP.obj
 0001:0005f816       ??__FlmNncrontab@@YAXXZ    10060816 f   LexCrontab.obj
 0001:0005f821       ??__FlmCsound@@YAXXZ       10060821 f   LexCsound.obj
 0001:0005f82c       ??__FlmCss@@YAXXZ          1006082c f   LexCSS.obj
 0001:0005f837       ??__FlmD@@YAXXZ            10060837 f   LexD.obj
 0001:0005f842       ??__FlmEiffel@@YAXXZ       10060842 f   LexEiffel.obj
 0001:0005f84d       ??__FlmEiffelkw@@YAXXZ     1006084d f   LexEiffel.obj
 0001:0005f858       ??__FlmErlang@@YAXXZ       10060858 f   LexErlang.obj
 0001:0005f863       ??__FlmESCRIPT@@YAXXZ      10060863 f   LexEScript.obj
 0001:0005f86e       ??__FlmFlagShip@@YAXXZ     1006086e f   LexFlagship.obj
 0001:0005f879       ??__FlmForth@@YAXXZ        10060879 f   LexForth.obj
 0001:0005f884       ??__FlmFortran@@YAXXZ      10060884 f   LexFortran.obj
 0001:0005f88f       ??__FlmF77@@YAXXZ          1006088f f   LexFortran.obj
 0001:0005f89a       ??__FlmGAP@@YAXXZ          1006089a f   LexGAP.obj
 0001:0005f8a5       ??__FlmGui4Cli@@YAXXZ      100608a5 f   LexGui4Cli.obj
 0001:0005f8b0       ??__FlmHaskell@@YAXXZ      100608b0 f   LexHaskell.obj
 0001:0005f8bb       ??__FlmHTML@@YAXXZ         100608bb f   LexHTML.obj
 0001:0005f8c6       ??__FlmXML@@YAXXZ          100608c6 f   LexHTML.obj
 0001:0005f8d1       ??__FlmPHPSCRIPT@@YAXXZ    100608d1 f   LexHTML.obj
 0001:0005f8dc       ??__FlmInno@@YAXXZ         100608dc f   LexInno.obj
 0001:0005f8e7       ??__FlmKix@@YAXXZ          100608e7 f   LexKix.obj
 0001:0005f8f2       ??__FlmLISP@@YAXXZ         100608f2 f   LexLisp.obj
 0001:0005f8fd       ??__FlmLout@@YAXXZ         100608fd f   LexLout.obj
 0001:0005f908       ??__FlmLua@@YAXXZ          10060908 f   LexLua.obj
 0001:0005f913       ??__FlmMagikSF@@YAXXZ      10060913 f   LexMagik.obj
 0001:0005f91e       ??__FlmMatlab@@YAXXZ       1006091e f   LexMatlab.obj
 0001:0005f929       ??__FlmOctave@@YAXXZ       10060929 f   LexMatlab.obj
 0001:0005f934       ??__FlmMETAPOST@@YAXXZ     10060934 f   LexMetapost.obj
 0001:0005f93f       ??__FlmMMIXAL@@YAXXZ       1006093f f   LexMMIXAL.obj
 0001:0005f94a       ??__FlmLot@@YAXXZ          1006094a f   LexMPT.obj
 0001:0005f955       ??__FlmMSSQL@@YAXXZ        10060955 f   LexMSSQL.obj
 0001:0005f960       ??__FlmMySQL@@YAXXZ        10060960 f   LexMySQL.obj
 0001:0005f96b       ??__FlmNimrod@@YAXXZ       1006096b f   LexNimrod.obj
 0001:0005f976       ??__FlmNsis@@YAXXZ         10060976 f   LexNsis.obj
 0001:0005f981       ??__FlmOpal@@YAXXZ         10060981 f   LexOpal.obj
 0001:0005f98c       ??__FlmBatch@@YAXXZ        1006098c f   LexOthers.obj
 0001:0005f997       ??__FlmDiff@@YAXXZ         10060997 f   LexOthers.obj
 0001:0005f9a2       ??__FlmPo@@YAXXZ           100609a2 f   LexOthers.obj
 0001:0005f9ad       ??__FlmProps@@YAXXZ        100609ad f   LexOthers.obj
 0001:0005f9b8       ??__FlmMake@@YAXXZ         100609b8 f   LexOthers.obj
 0001:0005f9c3       ??__FlmErrorList@@YAXXZ    100609c3 f   LexOthers.obj
 0001:0005f9ce       ??__FlmLatex@@YAXXZ        100609ce f   LexOthers.obj
 0001:0005f9d9       ??__FlmNull@@YAXXZ         100609d9 f   LexOthers.obj
 0001:0005f9e4       ??__FlmPascal@@YAXXZ       100609e4 f   LexPascal.obj
 0001:0005f9ef       ??__FlmPB@@YAXXZ           100609ef f   LexPB.obj
 0001:0005f9fa       ??__FlmPerl@@YAXXZ         100609fa f   LexPerl.obj
 0001:0005fa05       ??__FlmPLM@@YAXXZ          10060a05 f   LexPLM.obj
 0001:0005fa10       ??__FlmPOV@@YAXXZ          10060a10 f   LexPOV.obj
 0001:0005fa1b       ??__FlmPowerPro@@YAXXZ     10060a1b f   LexPowerPro.obj
 0001:0005fa26       ??__FlmPowerShell@@YAXXZ   10060a26 f   LexPowerShell.obj
 0001:0005fa31       ??__FlmProgress@@YAXXZ     10060a31 f   LexProgress.obj
 0001:0005fa3c       ??__FlmPS@@YAXXZ           10060a3c f   LexPS.obj
 0001:0005fa47       ??__FlmPython@@YAXXZ       10060a47 f   LexPython.obj
 0001:0005fa52       ??__FlmR@@YAXXZ            10060a52 f   LexR.obj
 0001:0005fa5d       ??__FlmREBOL@@YAXXZ        10060a5d f   LexRebol.obj
 0001:0005fa68       ??__FlmRuby@@YAXXZ         10060a68 f   LexRuby.obj
 0001:0005fa73       ??__FlmScriptol@@YAXXZ     10060a73 f   LexScriptol.obj
 0001:0005fa7e       ??__FlmSmalltalk@@YAXXZ    10060a7e f   LexSmalltalk.obj
 0001:0005fa89       ??__FlmSML@@YAXXZ          10060a89 f   LexSML.obj
 0001:0005fa94       ??__FlmSorc@@YAXXZ         10060a94 f   LexSorcus.obj
 0001:0005fa9f       ??__FlmSpecman@@YAXXZ      10060a9f f   LexSpecman.obj
 0001:0005faaa       ??__FlmSpice@@YAXXZ        10060aaa f   LexSpice.obj
 0001:0005fab5       ??__FlmSQL@@YAXXZ          10060ab5 f   LexSQL.obj
 0001:0005fac0       ??__FlmTACL@@YAXXZ         10060ac0 f   LexTACL.obj
 0001:0005facb       ??__FlmTADS3@@YAXXZ        10060acb f   LexTADS3.obj
 0001:0005fad6       ??__FlmTAL@@YAXXZ          10060ad6 f   LexTAL.obj
 0001:0005fae1       ??__FlmTCL@@YAXXZ          10060ae1 f   LexTCL.obj
 0001:0005faec       ??__FlmTeX@@YAXXZ          10060aec f   LexTeX.obj
 0001:0005faf7       ??__FlmVB@@YAXXZ           10060af7 f   LexVB.obj
 0001:0005fb02       ??__FlmVBScript@@YAXXZ     10060b02 f   LexVB.obj
 0001:0005fb0d       ??__FlmVerilog@@YAXXZ      10060b0d f   LexVerilog.obj
 0001:0005fb18       ??__FlmVHDL@@YAXXZ         10060b18 f   LexVHDL.obj
 0001:0005fb23       ??__FlmYAML@@YAXXZ         10060b23 f   LexYAML.obj
 0001:0005fb2e       ??__Fnomem@?5???2@YAPAXI@Z@YAXXZ 10060b2e f   LIBCMT:new.obj
